2026-06-16 22:16:20,907 [INFO] run - ============================================================
2026-06-16 22:16:20,907 [INFO] run - Démarrage du pipeline job_pipeline
2026-06-16 22:16:20,907 [INFO] run - ============================================================
2026-06-16 22:16:20,907 [INFO] run - [1/5] Collecte des offres...
2026-06-16 22:16:22,366 [INFO] sources.france_travail - [France Travail] 11 offres pour 'Data Analyst' à '59'
2026-06-16 22:16:22,785 [INFO] sources.france_travail - [France Travail] 8 offres pour 'Big Data' à '59'
2026-06-16 22:16:23,575 [INFO] sources.france_travail - [France Travail] 11 offres pour 'alternance data' à '59'
2026-06-16 22:16:24,075 [INFO] sources.france_travail - [France Travail] 34 offres pour 'data engineer' à '59'
2026-06-16 22:16:24,602 [INFO] sources.france_travail - [France Travail] 45 offres pour 'Data Analyst' à '75'
2026-06-16 22:16:25,099 [INFO] sources.france_travail - [France Travail] 28 offres pour 'Big Data' à '75'
2026-06-16 22:16:25,700 [INFO] sources.france_travail - [France Travail] 21 offres pour 'alternance data' à '75'
2026-06-16 22:16:26,872 [INFO] sources.france_travail - [France Travail] 83 offres pour 'data engineer' à '75'
2026-06-16 22:16:27,306 [INFO] sources.france_travail - [France Travail] 9 offres pour 'Data Analyst' à '69'
2026-06-16 22:16:27,719 [INFO] sources.france_travail - [France Travail] 9 offres pour 'Big Data' à '69'
2026-06-16 22:16:28,518 [INFO] sources.france_travail - [France Travail] 4 offres pour 'alternance data' à '69'
2026-06-16 22:16:29,001 [INFO] sources.france_travail - [France Travail] 34 offres pour 'data engineer' à '69'
2026-06-16 22:16:29,001 [INFO] sources.france_travail - [France Travail] 235 offres uniques récupérées.
2026-06-16 22:16:29,001 [INFO] run - France Travail : 235 offres
2026-06-16 22:16:29,001 [INFO] run - Total collecté : 235 offres
2026-06-16 22:16:29,002 [INFO] run - [2/5] Filtrage et scoring...
2026-06-16 22:16:29,002 [INFO] pipeline.filter - Scoring de 235 offres (seuil=20)...
2026-06-16 22:16:29,035 [INFO] pipeline.filter - Filtre alternance_only : 16 offres conservées.
2026-06-16 22:16:29,035 [INFO] pipeline.filter - 16 offres conservées sur 235 (seuil=20)
2026-06-16 22:16:29,035 [INFO] run - 16 offres après filtrage (seuil=20)
2026-06-16 22:16:29,035 [INFO] run - [3/5] Déduplication...
2026-06-16 22:16:29,048 [INFO] pipeline.dedup - Purge : 0 entrées supprimées (> 60 jours).
2026-06-16 22:16:29,048 [INFO] pipeline.dedup - Déduplication : 16 nouvelles offres sur 16 (0 déjà vues)
2026-06-16 22:16:29,049 [INFO] run - 16 nouvelles offres après déduplication
2026-06-16 22:16:29,049 [INFO] run - [4/5] Envoi de l'alerte email...
2026-06-16 22:16:29,049 [INFO] run - [DRY RUN] Email non envoyé. Offres qui auraient été envoyées :
2026-06-16 22:16:29,049 [INFO] run -   [104] Business Data Analyst - Customer Relationship - Alternance (H/F) · Entreprise non communiquée · 75 - Paris
2026-06-16 22:16:29,049 [INFO] run -   [88] Junior Data Analyst Circularity - Apprenticeship (f/m/d) (H/F) · Entreprise non communiquée · 59 - Villeneuve-d'Ascq
2026-06-16 22:16:29,049 [INFO] run -   [87] Alternance Data Analyste Web - Paris (H/F) · Entreprise non communiquée · 75 - Paris 19e Arrondissement
2026-06-16 22:16:29,049 [INFO] run -   [83] Analytics Engineer/Data Analyst (f/m/d) - Data Pricing - Alternance (H/F) · Entreprise non communiquée · 59 - Villeneuve-d'Ascq
2026-06-16 22:16:29,049 [INFO] run -   [83] Alternance - Data Engineer  H/F · BRINKS, UAB · 75 - Paris 14e Arrondissement
2026-06-16 22:16:29,049 [INFO] run -   [61] Alternance Data Analyste (H/F) · CGL · 59 - Marcq-en-Barœul
2026-06-16 22:16:29,049 [INFO] run -   [48] Apprenti Data Analyst H/F · PROXISERVE · 59 - Lambersart
2026-06-16 22:16:29,049 [INFO] run -   [43] Alternance - Ingénieur Data / IA F/H (H/F) · Entreprise non communiquée · 69 - Lyon
2026-06-16 22:16:29,050 [INFO] run -   [29] Alternance Data Analyst en alternance - Lille (F/H) (H/F) · Entreprise non communiquée · 59 - Lille
2026-06-16 22:16:29,050 [INFO] run -   [28] Data Analyst / Analytic Engineer en alternance F/H (H/F) · Entreprise non communiquée · 59 - Villeneuve-d'Ascq
2026-06-16 22:16:29,050 [INFO] run -   [28] Alternance - Data et Performance Logistique H/F · Entreprise non communiquée · 59 - Lompret
2026-06-16 22:16:29,050 [INFO] run -   [28] Alternance Data Analyste Web - Paris (F/H) (H/F) · Entreprise non communiquée · 75 - Paris
2026-06-16 22:16:29,050 [INFO] run -   [26] Junior Product Manager IA & Data - Apprenticeship (f/m/d) (H/F) · Entreprise non communiquée · 59 - Villeneuve-d'Ascq
2026-06-16 22:16:29,050 [INFO] run -   [24] Alternance data reporting et Data visualisation  - DOI/DRP/SAD (H/F) · CGL · 59 - Marcq-en-Barœul
2026-06-16 22:16:29,050 [INFO] run -   [23] Analyste de données / Business Intelligence  H/F apprentissage · AGENCE NATIONALE DE LA RECHERCHE · 75 - PARIS 13
2026-06-16 22:16:29,050 [INFO] run -   [21] Alternance - Ingénieur DevOps -Data Manager et Conceptual Design F/H (H/F) · Entreprise non communiquée · 69 - Lyon
2026-06-16 22:16:29,050 [INFO] run - [5/5] Marquage des offres...
2026-06-16 22:16:29,050 [INFO] run - [DRY RUN] Marquage ignoré.
2026-06-16 22:16:29,051 [INFO] run - ============================================================
2026-06-16 22:16:29,051 [INFO] run - Pipeline terminé. 16 offre(s) traitée(s).
2026-06-16 22:16:29,051 [INFO] run - ============================================================
2026-06-16 22:16:58,630 [INFO] run - ============================================================
2026-06-16 22:16:58,631 [INFO] run - Démarrage du pipeline job_pipeline
2026-06-16 22:16:58,631 [INFO] run - ============================================================
2026-06-16 22:16:58,631 [INFO] run - [1/5] Collecte des offres...
2026-06-16 22:16:59,461 [INFO] sources.france_travail - [France Travail] 11 offres pour 'Data Analyst' à '59'
2026-06-16 22:16:59,964 [INFO] sources.france_travail - [France Travail] 8 offres pour 'Big Data' à '59'
2026-06-16 22:17:00,398 [INFO] sources.france_travail - [France Travail] 11 offres pour 'alternance data' à '59'
2026-06-16 22:17:00,912 [INFO] sources.france_travail - [France Travail] 34 offres pour 'data engineer' à '59'
2026-06-16 22:17:01,435 [INFO] sources.france_travail - [France Travail] 45 offres pour 'Data Analyst' à '75'
2026-06-16 22:17:02,126 [INFO] sources.france_travail - [France Travail] 28 offres pour 'Big Data' à '75'
2026-06-16 22:17:02,553 [INFO] sources.france_travail - [France Travail] 21 offres pour 'alternance data' à '75'
2026-06-16 22:17:03,197 [INFO] sources.france_travail - [France Travail] 83 offres pour 'data engineer' à '75'
2026-06-16 22:17:03,603 [INFO] sources.france_travail - [France Travail] 9 offres pour 'Data Analyst' à '69'
2026-06-16 22:17:04,009 [INFO] sources.france_travail - [France Travail] 9 offres pour 'Big Data' à '69'
2026-06-16 22:17:04,402 [INFO] sources.france_travail - [France Travail] 4 offres pour 'alternance data' à '69'
2026-06-16 22:17:04,880 [INFO] sources.france_travail - [France Travail] 34 offres pour 'data engineer' à '69'
2026-06-16 22:17:04,880 [INFO] sources.france_travail - [France Travail] 235 offres uniques récupérées.
2026-06-16 22:17:04,881 [INFO] run - France Travail : 235 offres
2026-06-16 22:17:04,881 [INFO] run - Total collecté : 235 offres
2026-06-16 22:17:04,881 [INFO] run - [2/5] Filtrage et scoring...
2026-06-16 22:17:04,881 [INFO] pipeline.filter - Scoring de 235 offres (seuil=20)...
2026-06-16 22:17:04,908 [INFO] pipeline.filter - Filtre alternance_only : 16 offres conservées.
2026-06-16 22:17:04,908 [INFO] pipeline.filter - 16 offres conservées sur 235 (seuil=20)
2026-06-16 22:17:04,908 [INFO] run - 16 offres après filtrage (seuil=20)
2026-06-16 22:17:04,908 [INFO] run - [3/5] Déduplication...
2026-06-16 22:17:04,909 [INFO] pipeline.dedup - Purge : 0 entrées supprimées (> 60 jours).
2026-06-16 22:17:04,910 [INFO] pipeline.dedup - Déduplication : 16 nouvelles offres sur 16 (0 déjà vues)
2026-06-16 22:17:04,910 [INFO] run - 16 nouvelles offres après déduplication
2026-06-16 22:17:04,910 [INFO] run - [4/5] Envoi de l'alerte email...
2026-06-16 22:17:12,007 [ERROR] notifier.mailer - Échec d'authentification SMTP. Pour Gmail, utilise un mot de passe d'application : https://myaccount.google.com/apppasswords
2026-06-16 22:17:12,007 [ERROR] run - Échec de l'envoi email.
2026-06-16 22:17:12,008 [INFO] run - [5/5] Marquage des offres...
2026-06-16 22:17:12,014 [INFO] pipeline.dedup - 16 offres marquées comme vues.
2026-06-16 22:17:12,014 [INFO] run - ============================================================
2026-06-16 22:17:12,014 [INFO] run - Pipeline terminé. 16 offre(s) traitée(s).
2026-06-16 22:17:12,015 [INFO] run - ============================================================
2026-06-16 22:22:31,237 [INFO] run - ============================================================
2026-06-16 22:22:31,237 [INFO] run - Démarrage du pipeline job_pipeline
2026-06-16 22:22:31,237 [INFO] run - ============================================================
2026-06-16 22:22:31,237 [INFO] run - [1/5] Collecte des offres...
2026-06-16 22:22:32,022 [INFO] sources.france_travail - [France Travail] 11 offres pour 'Data Analyst' à '59'
2026-06-16 22:22:32,419 [INFO] sources.france_travail - [France Travail] 8 offres pour 'Big Data' à '59'
2026-06-16 22:22:32,884 [INFO] sources.france_travail - [France Travail] 11 offres pour 'alternance data' à '59'
2026-06-16 22:22:33,383 [INFO] sources.france_travail - [France Travail] 34 offres pour 'data engineer' à '59'
2026-06-16 22:22:33,856 [INFO] sources.france_travail - [France Travail] 45 offres pour 'Data Analyst' à '75'
2026-06-16 22:22:34,305 [INFO] sources.france_travail - [France Travail] 28 offres pour 'Big Data' à '75'
2026-06-16 22:22:34,736 [INFO] sources.france_travail - [France Travail] 21 offres pour 'alternance data' à '75'
2026-06-16 22:22:35,365 [INFO] sources.france_travail - [France Travail] 83 offres pour 'data engineer' à '75'
2026-06-16 22:22:35,810 [INFO] sources.france_travail - [France Travail] 9 offres pour 'Data Analyst' à '69'
2026-06-16 22:22:36,198 [INFO] sources.france_travail - [France Travail] 9 offres pour 'Big Data' à '69'
2026-06-16 22:22:36,581 [INFO] sources.france_travail - [France Travail] 4 offres pour 'alternance data' à '69'
2026-06-16 22:22:37,029 [INFO] sources.france_travail - [France Travail] 34 offres pour 'data engineer' à '69'
2026-06-16 22:22:37,029 [INFO] sources.france_travail - [France Travail] 235 offres uniques récupérées.
2026-06-16 22:22:37,029 [INFO] run - France Travail : 235 offres
2026-06-16 22:22:37,029 [INFO] run - Total collecté : 235 offres
2026-06-16 22:22:37,030 [INFO] run - [2/5] Filtrage et scoring...
2026-06-16 22:22:37,030 [INFO] pipeline.filter - Scoring de 235 offres (seuil=20)...
2026-06-16 22:22:37,055 [INFO] pipeline.filter - Filtre alternance_only : 16 offres conservées.
2026-06-16 22:22:37,055 [INFO] pipeline.filter - 16 offres conservées sur 235 (seuil=20)
2026-06-16 22:22:37,056 [INFO] run - 16 offres après filtrage (seuil=20)
2026-06-16 22:22:37,056 [INFO] run - [3/5] Déduplication...
2026-06-16 22:22:37,063 [WARNING] pipeline.dedup - DedupStore réinitialisé.
2026-06-16 22:22:37,063 [WARNING] run - Base dedup réinitialisée.
2026-06-16 22:22:37,063 [INFO] pipeline.dedup - Purge : 0 entrées supprimées (> 60 jours).
2026-06-16 22:22:37,064 [INFO] pipeline.dedup - Déduplication : 16 nouvelles offres sur 16 (0 déjà vues)
2026-06-16 22:22:37,064 [INFO] run - 16 nouvelles offres après déduplication
2026-06-16 22:22:37,064 [INFO] run - [4/5] Envoi de l'alerte email...
2026-06-16 22:22:44,345 [ERROR] notifier.mailer - Échec d'authentification SMTP. Pour Gmail, utilise un mot de passe d'application : https://myaccount.google.com/apppasswords
2026-06-16 22:22:44,345 [ERROR] run - Échec de l'envoi email. Les offres ne seront pas marquées comme vues.
2026-06-16 22:22:44,345 [INFO] run - [5/5] Marquage des offres...
2026-06-16 22:22:44,345 [WARNING] run - Email non envoyé : offres non marquées, elles ressortiront au prochain run.
2026-06-16 22:22:44,345 [INFO] run - ============================================================
2026-06-16 22:22:44,345 [INFO] run - Pipeline terminé. 16 offre(s) traitée(s).
2026-06-16 22:22:44,345 [INFO] run - ============================================================
2026-06-16 22:23:33,470 [INFO] run - ============================================================
2026-06-16 22:23:33,470 [INFO] run - Démarrage du pipeline job_pipeline
2026-06-16 22:23:33,470 [INFO] run - ============================================================
2026-06-16 22:23:33,471 [INFO] run - [1/5] Collecte des offres...
2026-06-16 22:23:34,266 [INFO] sources.france_travail - [France Travail] 11 offres pour 'Data Analyst' à '59'
2026-06-16 22:23:34,659 [INFO] sources.france_travail - [France Travail] 8 offres pour 'Big Data' à '59'
2026-06-16 22:23:35,094 [INFO] sources.france_travail - [France Travail] 11 offres pour 'alternance data' à '59'
2026-06-16 22:23:35,575 [INFO] sources.france_travail - [France Travail] 34 offres pour 'data engineer' à '59'
2026-06-16 22:23:36,074 [INFO] sources.france_travail - [France Travail] 45 offres pour 'Data Analyst' à '75'
2026-06-16 22:23:36,530 [INFO] sources.france_travail - [France Travail] 28 offres pour 'Big Data' à '75'
2026-06-16 22:23:36,959 [INFO] sources.france_travail - [France Travail] 21 offres pour 'alternance data' à '75'
2026-06-16 22:23:37,545 [INFO] sources.france_travail - [France Travail] 83 offres pour 'data engineer' à '75'
2026-06-16 22:23:37,924 [INFO] sources.france_travail - [France Travail] 9 offres pour 'Data Analyst' à '69'
2026-06-16 22:23:38,300 [INFO] sources.france_travail - [France Travail] 9 offres pour 'Big Data' à '69'
2026-06-16 22:23:38,683 [INFO] sources.france_travail - [France Travail] 4 offres pour 'alternance data' à '69'
2026-06-16 22:23:39,135 [INFO] sources.france_travail - [France Travail] 34 offres pour 'data engineer' à '69'
2026-06-16 22:23:39,135 [INFO] sources.france_travail - [France Travail] 235 offres uniques récupérées.
2026-06-16 22:23:39,135 [INFO] run - France Travail : 235 offres
2026-06-16 22:23:39,136 [INFO] run - Total collecté : 235 offres
2026-06-16 22:23:39,136 [INFO] run - [2/5] Filtrage et scoring...
2026-06-16 22:23:39,136 [INFO] pipeline.filter - Scoring de 235 offres (seuil=20)...
2026-06-16 22:23:39,161 [INFO] pipeline.filter - Filtre alternance_only : 16 offres conservées.
2026-06-16 22:23:39,161 [INFO] pipeline.filter - 16 offres conservées sur 235 (seuil=20)
2026-06-16 22:23:39,161 [INFO] run - 16 offres après filtrage (seuil=20)
2026-06-16 22:23:39,161 [INFO] run - [3/5] Déduplication...
2026-06-16 22:23:39,162 [INFO] pipeline.dedup - Purge : 0 entrées supprimées (> 60 jours).
2026-06-16 22:23:39,162 [INFO] pipeline.dedup - Déduplication : 16 nouvelles offres sur 16 (0 déjà vues)
2026-06-16 22:23:39,162 [INFO] run - 16 nouvelles offres après déduplication
2026-06-16 22:23:39,163 [INFO] run - [4/5] Envoi de l'alerte email...
2026-06-16 22:23:46,493 [ERROR] notifier.mailer - Échec d'authentification SMTP. Pour Gmail, utilise un mot de passe d'application : https://myaccount.google.com/apppasswords
2026-06-16 22:23:46,493 [ERROR] run - Échec de l'envoi email. Les offres ne seront pas marquées comme vues.
2026-06-16 22:23:46,493 [INFO] run - [5/5] Marquage des offres...
2026-06-16 22:23:46,493 [WARNING] run - Email non envoyé : offres non marquées, elles ressortiront au prochain run.
2026-06-16 22:23:46,494 [INFO] run - ============================================================
2026-06-16 22:23:46,494 [INFO] run - Pipeline terminé. 16 offre(s) traitée(s).
2026-06-16 22:23:46,494 [INFO] run - ============================================================
2026-06-16 22:26:37,779 [INFO] run - ============================================================
2026-06-16 22:26:37,779 [INFO] run - Démarrage du pipeline job_pipeline
2026-06-16 22:26:37,779 [INFO] run - ============================================================
2026-06-16 22:26:37,780 [INFO] run - [1/5] Collecte des offres...
2026-06-16 22:26:38,616 [INFO] sources.france_travail - [France Travail] 11 offres pour 'Data Analyst' à '59'
2026-06-16 22:26:39,016 [INFO] sources.france_travail - [France Travail] 8 offres pour 'Big Data' à '59'
2026-06-16 22:26:39,434 [INFO] sources.france_travail - [France Travail] 11 offres pour 'alternance data' à '59'
2026-06-16 22:26:39,910 [INFO] sources.france_travail - [France Travail] 34 offres pour 'data engineer' à '59'
2026-06-16 22:26:40,422 [INFO] sources.france_travail - [France Travail] 46 offres pour 'Data Analyst' à '75'
2026-06-16 22:26:40,880 [INFO] sources.france_travail - [France Travail] 28 offres pour 'Big Data' à '75'
2026-06-16 22:26:41,320 [INFO] sources.france_travail - [France Travail] 21 offres pour 'alternance data' à '75'
2026-06-16 22:26:41,938 [INFO] sources.france_travail - [France Travail] 83 offres pour 'data engineer' à '75'
2026-06-16 22:26:42,349 [INFO] sources.france_travail - [France Travail] 9 offres pour 'Data Analyst' à '69'
2026-06-16 22:26:42,753 [INFO] sources.france_travail - [France Travail] 9 offres pour 'Big Data' à '69'
2026-06-16 22:26:43,133 [INFO] sources.france_travail - [France Travail] 4 offres pour 'alternance data' à '69'
2026-06-16 22:26:43,653 [INFO] sources.france_travail - [France Travail] 34 offres pour 'data engineer' à '69'
2026-06-16 22:26:43,653 [INFO] sources.france_travail - [France Travail] 236 offres uniques récupérées.
2026-06-16 22:26:43,653 [INFO] run - France Travail : 236 offres
2026-06-16 22:26:43,653 [INFO] run - Total collecté : 236 offres
2026-06-16 22:26:43,653 [INFO] run - [2/5] Filtrage et scoring...
2026-06-16 22:26:43,653 [INFO] pipeline.filter - Scoring de 236 offres (seuil=20)...
2026-06-16 22:26:43,688 [INFO] pipeline.filter - Filtre alternance_only : 16 offres conservées.
2026-06-16 22:26:43,688 [INFO] pipeline.filter - 16 offres conservées sur 236 (seuil=20)
2026-06-16 22:26:43,689 [INFO] run - 16 offres après filtrage (seuil=20)
2026-06-16 22:26:43,689 [INFO] run - [3/5] Déduplication...
2026-06-16 22:26:43,692 [WARNING] pipeline.dedup - DedupStore réinitialisé.
2026-06-16 22:26:43,693 [WARNING] run - Base dedup réinitialisée.
2026-06-16 22:26:43,693 [INFO] pipeline.dedup - Purge : 0 entrées supprimées (> 60 jours).
2026-06-16 22:26:43,693 [INFO] pipeline.dedup - Déduplication : 16 nouvelles offres sur 16 (0 déjà vues)
2026-06-16 22:26:43,694 [INFO] run - 16 nouvelles offres après déduplication
2026-06-16 22:26:43,694 [INFO] run - [4/5] Envoi de l'alerte email...
2026-06-16 22:26:45,872 [ERROR] notifier.mailer - Échec d'authentification SMTP. Pour Gmail, utilise un mot de passe d'application : https://myaccount.google.com/apppasswords
2026-06-16 22:26:45,872 [ERROR] run - Échec de l'envoi email. Les offres ne seront pas marquées comme vues.
2026-06-16 22:26:45,872 [INFO] run - [5/5] Marquage des offres...
2026-06-16 22:26:45,872 [WARNING] run - Email non envoyé : offres non marquées, elles ressortiront au prochain run.
2026-06-16 22:26:45,872 [INFO] run - ============================================================
2026-06-16 22:26:45,873 [INFO] run - Pipeline terminé. 16 offre(s) traitée(s).
2026-06-16 22:26:45,873 [INFO] run - ============================================================
2026-06-16 22:29:40,771 [INFO] run - ============================================================
2026-06-16 22:29:40,772 [INFO] run - Démarrage du pipeline job_pipeline
2026-06-16 22:29:40,772 [INFO] run - ============================================================
2026-06-16 22:29:40,772 [INFO] run - [1/5] Collecte des offres...
2026-06-16 22:29:41,595 [INFO] sources.france_travail - [France Travail] 11 offres pour 'Data Analyst' à '59'
2026-06-16 22:29:41,983 [INFO] sources.france_travail - [France Travail] 8 offres pour 'Big Data' à '59'
2026-06-16 22:29:42,416 [INFO] sources.france_travail - [France Travail] 11 offres pour 'alternance data' à '59'
2026-06-16 22:29:42,901 [INFO] sources.france_travail - [France Travail] 34 offres pour 'data engineer' à '59'
2026-06-16 22:29:43,399 [INFO] sources.france_travail - [France Travail] 45 offres pour 'Data Analyst' à '75'
2026-06-16 22:29:44,124 [INFO] sources.france_travail - [France Travail] 28 offres pour 'Big Data' à '75'
2026-06-16 22:29:44,638 [INFO] sources.france_travail - [France Travail] 21 offres pour 'alternance data' à '75'
2026-06-16 22:29:45,353 [INFO] sources.france_travail - [France Travail] 83 offres pour 'data engineer' à '75'
2026-06-16 22:29:45,805 [INFO] sources.france_travail - [France Travail] 9 offres pour 'Data Analyst' à '69'
2026-06-16 22:29:46,202 [INFO] sources.france_travail - [France Travail] 9 offres pour 'Big Data' à '69'
2026-06-16 22:29:46,586 [INFO] sources.france_travail - [France Travail] 4 offres pour 'alternance data' à '69'
2026-06-16 22:29:47,040 [INFO] sources.france_travail - [France Travail] 34 offres pour 'data engineer' à '69'
2026-06-16 22:29:47,040 [INFO] sources.france_travail - [France Travail] 235 offres uniques récupérées.
2026-06-16 22:29:47,040 [INFO] run - France Travail : 235 offres
2026-06-16 22:29:47,041 [INFO] run - Total collecté : 235 offres
2026-06-16 22:29:47,041 [INFO] run - [2/5] Filtrage et scoring...
2026-06-16 22:29:47,041 [INFO] pipeline.filter - Scoring de 235 offres (seuil=20)...
2026-06-16 22:29:47,065 [INFO] pipeline.filter - Filtre alternance_only : 16 offres conservées.
2026-06-16 22:29:47,065 [INFO] pipeline.filter - 16 offres conservées sur 235 (seuil=20)
2026-06-16 22:29:47,065 [INFO] run - 16 offres après filtrage (seuil=20)
2026-06-16 22:29:47,065 [INFO] run - [3/5] Déduplication...
2026-06-16 22:29:47,073 [WARNING] pipeline.dedup - DedupStore réinitialisé.
2026-06-16 22:29:47,073 [WARNING] run - Base dedup réinitialisée.
2026-06-16 22:29:47,073 [INFO] pipeline.dedup - Purge : 0 entrées supprimées (> 60 jours).
2026-06-16 22:29:47,074 [INFO] pipeline.dedup - Déduplication : 16 nouvelles offres sur 16 (0 déjà vues)
2026-06-16 22:29:47,074 [INFO] run - 16 nouvelles offres après déduplication
2026-06-16 22:29:47,074 [INFO] run - [4/5] Envoi de l'alerte email...
2026-06-16 22:29:48,699 [ERROR] notifier.mailer - Échec d'authentification SMTP. Détail : (535, b'5.7.8 Username and Password not accepted. For more information, go to\n5.7.8  https://support.google.com/mail/?p=BadCredentials ffacd0b85a97d-4619b9b7750sm19430102f8f.6 - gsmtp')
2026-06-16 22:29:48,699 [ERROR] run - Échec de l'envoi email. Les offres ne seront pas marquées comme vues.
2026-06-16 22:29:48,699 [INFO] run - [5/5] Marquage des offres...
2026-06-16 22:29:48,699 [WARNING] run - Email non envoyé : offres non marquées, elles ressortiront au prochain run.
2026-06-16 22:29:48,699 [INFO] run - ============================================================
2026-06-16 22:29:48,699 [INFO] run - Pipeline terminé. 16 offre(s) traitée(s).
2026-06-16 22:29:48,700 [INFO] run - ============================================================
2026-06-16 22:30:03,624 [INFO] run - ============================================================
2026-06-16 22:30:03,624 [INFO] run - Démarrage du pipeline job_pipeline
2026-06-16 22:30:03,624 [INFO] run - ============================================================
2026-06-16 22:30:03,624 [INFO] run - [1/5] Collecte des offres...
2026-06-16 22:30:04,416 [INFO] sources.france_travail - [France Travail] 11 offres pour 'Data Analyst' à '59'
2026-06-16 22:30:04,830 [INFO] sources.france_travail - [France Travail] 8 offres pour 'Big Data' à '59'
2026-06-16 22:30:05,220 [INFO] sources.france_travail - [France Travail] 11 offres pour 'alternance data' à '59'
2026-06-16 22:30:05,678 [INFO] sources.france_travail - [France Travail] 34 offres pour 'data engineer' à '59'
2026-06-16 22:30:06,163 [INFO] sources.france_travail - [France Travail] 45 offres pour 'Data Analyst' à '75'
2026-06-16 22:30:06,611 [INFO] sources.france_travail - [France Travail] 28 offres pour 'Big Data' à '75'
2026-06-16 22:30:07,045 [INFO] sources.france_travail - [France Travail] 21 offres pour 'alternance data' à '75'
2026-06-16 22:30:07,654 [INFO] sources.france_travail - [France Travail] 83 offres pour 'data engineer' à '75'
2026-06-16 22:30:08,048 [INFO] sources.france_travail - [France Travail] 9 offres pour 'Data Analyst' à '69'
2026-06-16 22:30:08,430 [INFO] sources.france_travail - [France Travail] 9 offres pour 'Big Data' à '69'
2026-06-16 22:30:08,796 [INFO] sources.france_travail - [France Travail] 4 offres pour 'alternance data' à '69'
2026-06-16 22:30:09,229 [INFO] sources.france_travail - [France Travail] 34 offres pour 'data engineer' à '69'
2026-06-16 22:30:09,230 [INFO] sources.france_travail - [France Travail] 235 offres uniques récupérées.
2026-06-16 22:30:09,230 [INFO] run - France Travail : 235 offres
2026-06-16 22:30:09,230 [INFO] run - Total collecté : 235 offres
2026-06-16 22:30:09,230 [INFO] run - [2/5] Filtrage et scoring...
2026-06-16 22:30:09,230 [INFO] pipeline.filter - Scoring de 235 offres (seuil=20)...
2026-06-16 22:30:09,255 [INFO] pipeline.filter - Filtre alternance_only : 16 offres conservées.
2026-06-16 22:30:09,255 [INFO] pipeline.filter - 16 offres conservées sur 235 (seuil=20)
2026-06-16 22:30:09,255 [INFO] run - 16 offres après filtrage (seuil=20)
2026-06-16 22:30:09,255 [INFO] run - [3/5] Déduplication...
2026-06-16 22:30:09,262 [WARNING] pipeline.dedup - DedupStore réinitialisé.
2026-06-16 22:30:09,262 [WARNING] run - Base dedup réinitialisée.
2026-06-16 22:30:09,263 [INFO] pipeline.dedup - Purge : 0 entrées supprimées (> 60 jours).
2026-06-16 22:30:09,263 [INFO] pipeline.dedup - Déduplication : 16 nouvelles offres sur 16 (0 déjà vues)
2026-06-16 22:30:09,263 [INFO] run - 16 nouvelles offres après déduplication
2026-06-16 22:30:09,263 [INFO] run - [4/5] Envoi de l'alerte email...
2026-06-16 22:30:11,941 [INFO] notifier.mailer - Email envoyé à alex_2c@hotmail.fr (sujet : [Job Pipeline] 16 offre(s) · 16 alternance(s) · 16/06/2026)
2026-06-16 22:30:11,941 [INFO] run - [5/5] Marquage des offres...
2026-06-16 22:30:11,948 [INFO] pipeline.dedup - 16 offres marquées comme vues.
2026-06-16 22:30:11,948 [INFO] run - ============================================================
2026-06-16 22:30:11,948 [INFO] run - Pipeline terminé. 16 offre(s) traitée(s).
2026-06-16 22:30:11,948 [INFO] run - ============================================================
2026-06-16 22:36:14,793 [INFO] run - ============================================================
2026-06-16 22:36:14,793 [INFO] run - Démarrage du pipeline job_pipeline
2026-06-16 22:36:14,793 [INFO] run - ============================================================
2026-06-16 22:36:14,794 [INFO] run - [1/5] Collecte des offres...
2026-06-16 22:36:15,618 [INFO] sources.france_travail - [France Travail] 11 offres pour 'Data Analyst' à '59'
2026-06-16 22:36:15,989 [INFO] sources.france_travail - [France Travail] 8 offres pour 'Big Data' à '59'
2026-06-16 22:36:16,373 [INFO] sources.france_travail - [France Travail] 11 offres pour 'alternance data' à '59'
2026-06-16 22:36:16,852 [INFO] sources.france_travail - [France Travail] 34 offres pour 'data engineer' à '59'
2026-06-16 22:36:17,250 [INFO] sources.france_travail - [France Travail] 1 offres pour 'remote' à '59'
2026-06-16 22:36:17,949 [INFO] sources.france_travail - [France Travail] 150 offres pour 'télétravail' à '59'
2026-06-16 22:36:18,324 [WARNING] sources.france_travail - [France Travail] Réponse inattendue 204 pour 'Data Analyst' / '80' : 
2026-06-16 22:36:18,324 [INFO] sources.france_travail - [France Travail] 0 offres pour 'Data Analyst' à '80'
2026-06-16 22:36:18,691 [WARNING] sources.france_travail - [France Travail] Réponse inattendue 204 pour 'Big Data' / '80' : 
2026-06-16 22:36:18,692 [INFO] sources.france_travail - [France Travail] 0 offres pour 'Big Data' à '80'
2026-06-16 22:36:19,035 [WARNING] sources.france_travail - [France Travail] Réponse inattendue 204 pour 'alternance data' / '80' : 
2026-06-16 22:36:19,035 [INFO] sources.france_travail - [France Travail] 0 offres pour 'alternance data' à '80'
2026-06-16 22:36:19,424 [INFO] sources.france_travail - [France Travail] 1 offres pour 'data engineer' à '80'
2026-06-16 22:36:19,791 [WARNING] sources.france_travail - [France Travail] Réponse inattendue 204 pour 'remote' / '80' : 
2026-06-16 22:36:19,792 [INFO] sources.france_travail - [France Travail] 0 offres pour 'remote' à '80'
2026-06-16 22:36:20,359 [INFO] sources.france_travail - [France Travail] 114 offres pour 'télétravail' à '80'
2026-06-16 22:36:20,359 [INFO] sources.france_travail - [France Travail] 315 offres uniques récupérées.
2026-06-16 22:36:20,359 [INFO] run - France Travail : 315 offres
2026-06-16 22:36:20,360 [INFO] run - Total collecté : 315 offres
2026-06-16 22:36:20,360 [INFO] run - [2/5] Filtrage et scoring...
2026-06-16 22:36:20,360 [INFO] pipeline.filter - Scoring de 315 offres (seuil=20)...
2026-06-16 22:36:20,390 [INFO] pipeline.filter - Filtre alternance_only : 9 offres conservées.
2026-06-16 22:36:20,390 [INFO] pipeline.filter - 9 offres conservées sur 315 (seuil=20)
2026-06-16 22:36:20,390 [INFO] run - 9 offres après filtrage (seuil=20)
2026-06-16 22:36:20,391 [INFO] run - [3/5] Déduplication...
2026-06-16 22:36:20,393 [WARNING] pipeline.dedup - DedupStore réinitialisé.
2026-06-16 22:36:20,394 [WARNING] run - Base dedup réinitialisée.
2026-06-16 22:36:20,394 [INFO] pipeline.dedup - Purge : 0 entrées supprimées (> 60 jours).
2026-06-16 22:36:20,394 [INFO] pipeline.dedup - Déduplication : 9 nouvelles offres sur 9 (0 déjà vues)
2026-06-16 22:36:20,395 [INFO] run - 9 nouvelles offres après déduplication
2026-06-16 22:36:20,395 [INFO] run - [4/5] Envoi de l'alerte email...
2026-06-16 22:36:22,942 [INFO] notifier.mailer - Email envoyé à alex_2c@hotmail.fr (sujet : [Job Pipeline] 9 offre(s) · 9 alternance(s) · 16/06/2026)
2026-06-16 22:36:22,942 [INFO] run - [5/5] Marquage des offres...
2026-06-16 22:36:22,945 [INFO] pipeline.dedup - 9 offres marquées comme vues.
2026-06-16 22:36:22,945 [INFO] run - ============================================================
2026-06-16 22:36:22,945 [INFO] run - Pipeline terminé. 9 offre(s) traitée(s).
2026-06-16 22:36:22,945 [INFO] run - ============================================================
2026-06-16 22:37:25,089 [INFO] run - ============================================================
2026-06-16 22:37:25,089 [INFO] run - Démarrage du pipeline job_pipeline
2026-06-16 22:37:25,089 [INFO] run - ============================================================
2026-06-16 22:37:25,090 [INFO] run - [1/5] Collecte des offres...
2026-06-16 22:37:25,850 [INFO] sources.france_travail - [France Travail] 11 offres pour 'Data Analyst' à '59'
2026-06-16 22:37:26,229 [INFO] sources.france_travail - [France Travail] 8 offres pour 'Big Data' à '59'
2026-06-16 22:37:26,615 [INFO] sources.france_travail - [France Travail] 11 offres pour 'alternance data' à '59'
2026-06-16 22:37:27,095 [INFO] sources.france_travail - [France Travail] 34 offres pour 'data engineer' à '59'
2026-06-16 22:37:27,561 [INFO] sources.france_travail - [France Travail] 1 offres pour 'remote' à '59'
2026-06-16 22:37:28,288 [INFO] sources.france_travail - [France Travail] 150 offres pour 'télétravail' à '59'
2026-06-16 22:37:28,645 [WARNING] sources.france_travail - [France Travail] Réponse inattendue 204 pour 'Data Analyst' / '80' : 
2026-06-16 22:37:28,646 [INFO] sources.france_travail - [France Travail] 0 offres pour 'Data Analyst' à '80'
2026-06-16 22:37:29,012 [WARNING] sources.france_travail - [France Travail] Réponse inattendue 204 pour 'Big Data' / '80' : 
2026-06-16 22:37:29,013 [INFO] sources.france_travail - [France Travail] 0 offres pour 'Big Data' à '80'
2026-06-16 22:37:29,402 [WARNING] sources.france_travail - [France Travail] Réponse inattendue 204 pour 'alternance data' / '80' : 
2026-06-16 22:37:29,403 [INFO] sources.france_travail - [France Travail] 0 offres pour 'alternance data' à '80'
2026-06-16 22:37:29,805 [INFO] sources.france_travail - [France Travail] 1 offres pour 'data engineer' à '80'
2026-06-16 22:37:30,178 [WARNING] sources.france_travail - [France Travail] Réponse inattendue 204 pour 'remote' / '80' : 
2026-06-16 22:37:30,179 [INFO] sources.france_travail - [France Travail] 0 offres pour 'remote' à '80'
2026-06-16 22:37:30,763 [INFO] sources.france_travail - [France Travail] 114 offres pour 'télétravail' à '80'
2026-06-16 22:37:31,147 [INFO] sources.france_travail - [France Travail] 9 offres pour 'Data Analyst' à '69'
2026-06-16 22:37:31,512 [INFO] sources.france_travail - [France Travail] 9 offres pour 'Big Data' à '69'
2026-06-16 22:37:31,895 [INFO] sources.france_travail - [France Travail] 4 offres pour 'alternance data' à '69'
2026-06-16 22:37:32,343 [INFO] sources.france_travail - [France Travail] 34 offres pour 'data engineer' à '69'
2026-06-16 22:37:32,721 [INFO] sources.france_travail - [France Travail] 2 offres pour 'remote' à '69'
2026-06-16 22:37:33,526 [INFO] sources.france_travail - [France Travail] 150 offres pour 'télétravail' à '69'
2026-06-16 22:37:33,526 [INFO] sources.france_travail - [France Travail] 509 offres uniques récupérées.
2026-06-16 22:37:33,526 [INFO] run - France Travail : 509 offres
2026-06-16 22:37:33,527 [INFO] run - Total collecté : 509 offres
2026-06-16 22:37:33,527 [INFO] run - [2/5] Filtrage et scoring...
2026-06-16 22:37:33,527 [INFO] pipeline.filter - Scoring de 509 offres (seuil=20)...
2026-06-16 22:37:33,578 [INFO] pipeline.filter - Filtre alternance_only : 13 offres conservées.
2026-06-16 22:37:33,578 [INFO] pipeline.filter - 13 offres conservées sur 509 (seuil=20)
2026-06-16 22:37:33,578 [INFO] run - 13 offres après filtrage (seuil=20)
2026-06-16 22:37:33,578 [INFO] run - [3/5] Déduplication...
2026-06-16 22:37:33,581 [WARNING] pipeline.dedup - DedupStore réinitialisé.
2026-06-16 22:37:33,581 [WARNING] run - Base dedup réinitialisée.
2026-06-16 22:37:33,582 [INFO] pipeline.dedup - Purge : 0 entrées supprimées (> 60 jours).
2026-06-16 22:37:33,582 [INFO] pipeline.dedup - Déduplication : 13 nouvelles offres sur 13 (0 déjà vues)
2026-06-16 22:37:33,582 [INFO] run - 13 nouvelles offres après déduplication
2026-06-16 22:37:33,583 [INFO] run - [4/5] Envoi de l'alerte email...
2026-06-16 22:37:36,128 [INFO] notifier.mailer - Email envoyé à alex_2c@hotmail.fr (sujet : [Job Pipeline] 13 offre(s) · 13 alternance(s) · 16/06/2026)
2026-06-16 22:37:36,128 [INFO] run - [5/5] Marquage des offres...
2026-06-16 22:37:36,135 [INFO] pipeline.dedup - 13 offres marquées comme vues.
2026-06-16 22:37:36,135 [INFO] run - ============================================================
2026-06-16 22:37:36,135 [INFO] run - Pipeline terminé. 13 offre(s) traitée(s).
2026-06-16 22:37:36,135 [INFO] run - ============================================================
2026-06-17 14:30:47,323 [INFO] run - ============================================================
2026-06-17 14:30:47,323 [INFO] run - Démarrage du pipeline job_pipeline
2026-06-17 14:30:47,324 [INFO] run - ============================================================
2026-06-17 14:30:47,324 [INFO] run - [1/5] Collecte des offres...
2026-06-17 14:30:48,342 [INFO] sources.france_travail - [France Travail] 11 offres pour 'Data Analyst' à '59'
2026-06-17 14:30:48,772 [INFO] sources.france_travail - [France Travail] 7 offres pour 'Big Data' à '59'
2026-06-17 14:30:49,248 [INFO] sources.france_travail - [France Travail] 11 offres pour 'alternance data' à '59'
2026-06-17 14:30:49,736 [INFO] sources.france_travail - [France Travail] 32 offres pour 'data engineer' à '59'
2026-06-17 14:30:50,161 [INFO] sources.france_travail - [France Travail] 1 offres pour 'remote' à '59'
2026-06-17 14:30:51,077 [INFO] sources.france_travail - [France Travail] 150 offres pour 'télétravail' à '59'
2026-06-17 14:30:51,447 [WARNING] sources.france_travail - [France Travail] Réponse inattendue 204 pour 'Data Analyst' / '80' : 
2026-06-17 14:30:51,448 [INFO] sources.france_travail - [France Travail] 0 offres pour 'Data Analyst' à '80'
2026-06-17 14:30:51,872 [WARNING] sources.france_travail - [France Travail] Réponse inattendue 204 pour 'Big Data' / '80' : 
2026-06-17 14:30:51,873 [INFO] sources.france_travail - [France Travail] 0 offres pour 'Big Data' à '80'
2026-06-17 14:30:52,271 [WARNING] sources.france_travail - [France Travail] Réponse inattendue 204 pour 'alternance data' / '80' : 
2026-06-17 14:30:52,272 [INFO] sources.france_travail - [France Travail] 0 offres pour 'alternance data' à '80'
2026-06-17 14:30:52,697 [INFO] sources.france_travail - [France Travail] 1 offres pour 'data engineer' à '80'
2026-06-17 14:30:53,111 [WARNING] sources.france_travail - [France Travail] Réponse inattendue 204 pour 'remote' / '80' : 
2026-06-17 14:30:53,111 [INFO] sources.france_travail - [France Travail] 0 offres pour 'remote' à '80'
2026-06-17 14:30:53,696 [INFO] sources.france_travail - [France Travail] 115 offres pour 'télétravail' à '80'
2026-06-17 14:30:54,133 [INFO] sources.france_travail - [France Travail] 9 offres pour 'Data Analyst' à '69'
2026-06-17 14:30:54,546 [INFO] sources.france_travail - [France Travail] 9 offres pour 'Big Data' à '69'
2026-06-17 14:30:54,988 [INFO] sources.france_travail - [France Travail] 4 offres pour 'alternance data' à '69'
2026-06-17 14:30:55,465 [INFO] sources.france_travail - [France Travail] 36 offres pour 'data engineer' à '69'
2026-06-17 14:30:55,921 [INFO] sources.france_travail - [France Travail] 2 offres pour 'remote' à '69'
2026-06-17 14:30:56,798 [INFO] sources.france_travail - [France Travail] 150 offres pour 'télétravail' à '69'
2026-06-17 14:30:56,798 [INFO] sources.france_travail - [France Travail] 509 offres uniques récupérées.
2026-06-17 14:30:56,798 [INFO] run - France Travail : 509 offres
2026-06-17 14:30:56,798 [INFO] run - Total collecté : 509 offres
2026-06-17 14:30:56,799 [INFO] run - [2/5] Filtrage et scoring...
2026-06-17 14:30:56,799 [INFO] pipeline.filter - Scoring de 509 offres (seuil=20)...
2026-06-17 14:30:56,851 [INFO] pipeline.filter - Filtre alternance_only : 11 offres conservées.
2026-06-17 14:30:56,851 [INFO] pipeline.filter - 11 offres conservées sur 509 (seuil=20)
2026-06-17 14:30:56,851 [INFO] run - 11 offres après filtrage (seuil=20)
2026-06-17 14:30:56,851 [INFO] run - [3/5] Déduplication...
2026-06-17 14:30:56,859 [WARNING] pipeline.dedup - DedupStore réinitialisé.
2026-06-17 14:30:56,859 [WARNING] run - Base dedup réinitialisée.
2026-06-17 14:30:56,859 [INFO] pipeline.dedup - Purge : 0 entrées supprimées (> 60 jours).
2026-06-17 14:30:56,860 [INFO] pipeline.dedup - Déduplication : 11 nouvelles offres sur 11 (0 déjà vues)
2026-06-17 14:30:56,860 [INFO] run - 11 nouvelles offres après déduplication
2026-06-17 14:30:56,860 [INFO] run - [4/5] Envoi de l'alerte email...
2026-06-17 14:30:59,375 [INFO] notifier.mailer - Email envoyé à alex_2c@hotmail.fr (sujet : [Job Pipeline] 11 offre(s) · 11 alternance(s) · 17/06/2026)
2026-06-17 14:30:59,375 [INFO] run - [5/5] Marquage des offres...
2026-06-17 14:30:59,383 [INFO] pipeline.dedup - 11 offres marquées comme vues.
2026-06-17 14:30:59,383 [INFO] run - ============================================================
2026-06-17 14:30:59,383 [INFO] run - Pipeline terminé. 11 offre(s) traitée(s).
2026-06-17 14:30:59,383 [INFO] run - ============================================================
2026-06-18 11:25:11,464 [INFO] run - ============================================================
2026-06-18 11:25:11,464 [INFO] run - Démarrage du pipeline job_pipeline
2026-06-18 11:25:11,464 [INFO] run - ============================================================
2026-06-18 11:25:11,464 [INFO] run - [1/5] Collecte des offres...
2026-06-18 11:25:12,001 [INFO] sources.france_travail - [France Travail] 9 offres pour 'Data Analyst' à '59'
2026-06-18 11:25:12,409 [INFO] sources.france_travail - [France Travail] 7 offres pour 'Big Data' à '59'
2026-06-18 11:25:12,666 [INFO] sources.france_travail - [France Travail] 10 offres pour 'alternance data' à '59'
2026-06-18 11:25:12,956 [INFO] sources.france_travail - [France Travail] 29 offres pour 'data engineer' à '59'
2026-06-18 11:25:13,212 [INFO] sources.france_travail - [France Travail] 1 offres pour 'remote' à '59'
2026-06-18 11:25:13,898 [INFO] sources.france_travail - [France Travail] 150 offres pour 'télétravail' à '59'
2026-06-18 11:25:14,066 [WARNING] sources.france_travail - [France Travail] Réponse inattendue 204 pour 'Data Analyst' / '80' : 
2026-06-18 11:25:14,066 [INFO] sources.france_travail - [France Travail] 0 offres pour 'Data Analyst' à '80'
2026-06-18 11:25:14,269 [WARNING] sources.france_travail - [France Travail] Réponse inattendue 204 pour 'Big Data' / '80' : 
2026-06-18 11:25:14,270 [INFO] sources.france_travail - [France Travail] 0 offres pour 'Big Data' à '80'
2026-06-18 11:25:14,455 [WARNING] sources.france_travail - [France Travail] Réponse inattendue 204 pour 'alternance data' / '80' : 
2026-06-18 11:25:14,456 [INFO] sources.france_travail - [France Travail] 0 offres pour 'alternance data' à '80'
2026-06-18 11:25:14,702 [INFO] sources.france_travail - [France Travail] 1 offres pour 'data engineer' à '80'
2026-06-18 11:25:14,927 [WARNING] sources.france_travail - [France Travail] Réponse inattendue 204 pour 'remote' / '80' : 
2026-06-18 11:25:14,927 [INFO] sources.france_travail - [France Travail] 0 offres pour 'remote' à '80'
2026-06-18 11:25:15,361 [INFO] sources.france_travail - [France Travail] 112 offres pour 'télétravail' à '80'
2026-06-18 11:25:15,621 [INFO] sources.france_travail - [France Travail] 8 offres pour 'Data Analyst' à '69'
2026-06-18 11:25:15,836 [INFO] sources.france_travail - [France Travail] 9 offres pour 'Big Data' à '69'
2026-06-18 11:25:16,081 [INFO] sources.france_travail - [France Travail] 4 offres pour 'alternance data' à '69'
2026-06-18 11:25:16,388 [INFO] sources.france_travail - [France Travail] 32 offres pour 'data engineer' à '69'
2026-06-18 11:25:16,610 [INFO] sources.france_travail - [France Travail] 3 offres pour 'remote' à '69'
2026-06-18 11:25:17,284 [INFO] sources.france_travail - [France Travail] 150 offres pour 'télétravail' à '69'
2026-06-18 11:25:17,603 [INFO] sources.france_travail - [France Travail] 47 offres pour 'Data Analyst' à '75'
2026-06-18 11:25:17,936 [INFO] sources.france_travail - [France Travail] 20 offres pour 'Big Data' à '75'
2026-06-18 11:25:18,198 [INFO] sources.france_travail - [France Travail] 20 offres pour 'alternance data' à '75'
2026-06-18 11:25:18,609 [INFO] sources.france_travail - [France Travail] 77 offres pour 'data engineer' à '75'
2026-06-18 11:25:18,951 [INFO] sources.france_travail - [France Travail] 9 offres pour 'remote' à '75'
2026-06-18 11:25:19,735 [INFO] sources.france_travail - [France Travail] 150 offres pour 'télétravail' à '75'
2026-06-18 11:25:19,735 [INFO] sources.france_travail - [France Travail] 787 offres uniques récupérées.
2026-06-18 11:25:19,736 [INFO] run - France Travail : 787 offres
2026-06-18 11:25:19,736 [INFO] run - Total collecté : 787 offres
2026-06-18 11:25:19,736 [INFO] run - [2/5] Filtrage et scoring...
2026-06-18 11:25:19,736 [INFO] pipeline.filter - Scoring de 787 offres (seuil=20)...
2026-06-18 11:25:19,809 [INFO] pipeline.filter - Filtre alternance_only : 15 offres conservées.
2026-06-18 11:25:19,809 [INFO] pipeline.filter - 15 offres conservées sur 787 (seuil=20)
2026-06-18 11:25:19,809 [INFO] run - 15 offres après filtrage (seuil=20)
2026-06-18 11:25:19,809 [INFO] run - [3/5] Déduplication...
2026-06-18 11:25:19,811 [INFO] pipeline.dedup - Purge : 0 entrées supprimées (> 60 jours).
2026-06-18 11:25:19,811 [INFO] pipeline.dedup - Déduplication : 4 nouvelles offres sur 15 (11 déjà vues)
2026-06-18 11:25:19,811 [INFO] run - 4 nouvelles offres après déduplication
2026-06-18 11:25:19,811 [INFO] run - [4/5] Envoi de l'alerte email...
2026-06-18 11:25:22,381 [INFO] notifier.mailer - Email envoyé à alex_2c@hotmail.fr (sujet : [Job Pipeline] 4 offre(s) · 4 alternance(s) · 18/06/2026)
2026-06-18 11:25:22,381 [INFO] run - [5/5] Marquage des offres...
2026-06-18 11:25:22,384 [INFO] pipeline.dedup - 4 offres marquées comme vues.
2026-06-18 11:25:22,384 [INFO] run - ============================================================
2026-06-18 11:25:22,384 [INFO] run - Pipeline terminé. 4 offre(s) traitée(s).
2026-06-18 11:25:22,384 [INFO] run - ============================================================
2026-06-24 17:44:09,963 [INFO] run - ============================================================
2026-06-24 17:44:09,963 [INFO] run - Démarrage du pipeline job_pipeline
2026-06-24 17:44:09,963 [INFO] run - ============================================================
2026-06-24 17:44:09,963 [INFO] run - [1/5] Collecte des offres...
2026-06-24 17:44:10,454 [INFO] sources.france_travail - [France Travail] 9 offres pour 'Data Analyst' à '59'
2026-06-24 17:44:10,676 [INFO] sources.france_travail - [France Travail] 10 offres pour 'Big Data' à '59'
2026-06-24 17:44:10,890 [INFO] sources.france_travail - [France Travail] 7 offres pour 'alternance data' à '59'
2026-06-24 17:44:11,181 [INFO] sources.france_travail - [France Travail] 29 offres pour 'data engineer' à '59'
2026-06-24 17:44:11,361 [WARNING] sources.france_travail - [France Travail] Réponse inattendue 204 pour 'remote' / '59' : 
2026-06-24 17:44:11,362 [INFO] sources.france_travail - [France Travail] 0 offres pour 'remote' à '59'
2026-06-24 17:44:11,962 [INFO] sources.france_travail - [France Travail] 150 offres pour 'télétravail' à '59'
2026-06-24 17:44:12,144 [WARNING] sources.france_travail - [France Travail] Réponse inattendue 204 pour 'Data Analyst' / '80' : 
2026-06-24 17:44:12,145 [INFO] sources.france_travail - [France Travail] 0 offres pour 'Data Analyst' à '80'
2026-06-24 17:44:12,331 [WARNING] sources.france_travail - [France Travail] Réponse inattendue 204 pour 'Big Data' / '80' : 
2026-06-24 17:44:12,331 [INFO] sources.france_travail - [France Travail] 0 offres pour 'Big Data' à '80'
2026-06-24 17:44:12,504 [WARNING] sources.france_travail - [France Travail] Réponse inattendue 204 pour 'alternance data' / '80' : 
2026-06-24 17:44:12,505 [INFO] sources.france_travail - [France Travail] 0 offres pour 'alternance data' à '80'
2026-06-24 17:44:12,689 [INFO] sources.france_travail - [France Travail] 1 offres pour 'data engineer' à '80'
2026-06-24 17:44:12,897 [WARNING] sources.france_travail - [France Travail] Réponse inattendue 204 pour 'remote' / '80' : 
2026-06-24 17:44:12,898 [INFO] sources.france_travail - [France Travail] 0 offres pour 'remote' à '80'
2026-06-24 17:44:13,298 [INFO] sources.france_travail - [France Travail] 114 offres pour 'télétravail' à '80'
2026-06-24 17:44:13,529 [INFO] sources.france_travail - [France Travail] 9 offres pour 'Data Analyst' à '69'
2026-06-24 17:44:13,824 [INFO] sources.france_travail - [France Travail] 11 offres pour 'Big Data' à '69'
2026-06-24 17:44:14,029 [INFO] sources.france_travail - [France Travail] 5 offres pour 'alternance data' à '69'
2026-06-24 17:44:14,351 [INFO] sources.france_travail - [France Travail] 35 offres pour 'data engineer' à '69'
2026-06-24 17:44:14,610 [INFO] sources.france_travail - [France Travail] 5 offres pour 'remote' à '69'
2026-06-24 17:44:15,174 [INFO] sources.france_travail - [France Travail] 150 offres pour 'télétravail' à '69'
2026-06-24 17:44:15,810 [INFO] sources.france_travail - [France Travail] 50 offres pour 'Data Analyst' à '75'
2026-06-24 17:44:16,108 [INFO] sources.france_travail - [France Travail] 20 offres pour 'Big Data' à '75'
2026-06-24 17:44:16,322 [INFO] sources.france_travail - [France Travail] 16 offres pour 'alternance data' à '75'
2026-06-24 17:44:16,707 [INFO] sources.france_travail - [France Travail] 73 offres pour 'data engineer' à '75'
2026-06-24 17:44:16,918 [INFO] sources.france_travail - [France Travail] 5 offres pour 'remote' à '75'
2026-06-24 17:44:17,513 [INFO] sources.france_travail - [France Travail] 150 offres pour 'télétravail' à '75'
2026-06-24 17:44:17,514 [INFO] sources.france_travail - [France Travail] 788 offres uniques récupérées.
2026-06-24 17:44:17,514 [INFO] run - France Travail : 788 offres
2026-06-24 17:44:17,514 [INFO] run - Total collecté : 788 offres
2026-06-24 17:44:17,514 [INFO] run - [2/5] Filtrage et scoring...
2026-06-24 17:44:17,514 [INFO] pipeline.filter - Scoring de 788 offres (seuil=20)...
2026-06-24 17:44:17,594 [INFO] pipeline.filter - Filtre alternance_only : 9 offres conservées.
2026-06-24 17:44:17,595 [INFO] pipeline.filter - 9 offres conservées sur 788 (seuil=20)
2026-06-24 17:44:17,595 [INFO] run - 9 offres après filtrage (seuil=20)
2026-06-24 17:44:17,595 [INFO] run - [3/5] Déduplication...
2026-06-24 17:44:17,602 [INFO] pipeline.dedup - Purge : 0 entrées supprimées (> 60 jours).
2026-06-24 17:44:17,603 [INFO] pipeline.dedup - Déduplication : 3 nouvelles offres sur 9 (6 déjà vues)
2026-06-24 17:44:17,603 [INFO] run - 3 nouvelles offres après déduplication
2026-06-24 17:44:17,603 [INFO] run - [4/5] Envoi de l'alerte email...
2026-06-24 17:44:20,106 [INFO] notifier.mailer - Email envoyé à alex_2c@hotmail.fr (sujet : [Job Pipeline] 3 offre(s) · 3 alternance(s) · 24/06/2026)
2026-06-24 17:44:20,106 [INFO] run - [5/5] Marquage des offres...
2026-06-24 17:44:20,114 [INFO] pipeline.dedup - 3 offres marquées comme vues.
2026-06-24 17:44:20,114 [INFO] run - ============================================================
2026-06-24 17:44:20,114 [INFO] run - Pipeline terminé. 3 offre(s) traitée(s).
2026-06-24 17:44:20,114 [INFO] run - ============================================================
2026-06-25 15:00:44,024 [INFO] run - ============================================================
2026-06-25 15:00:44,024 [INFO] run - Démarrage du pipeline job_pipeline
2026-06-25 15:00:44,024 [INFO] run - ============================================================
2026-06-25 15:00:44,024 [INFO] run - [1/5] Collecte des offres...
2026-06-25 15:00:44,522 [INFO] sources.france_travail - [France Travail] 9 offres pour 'Data Analyst' à '59'
2026-06-25 15:00:44,753 [INFO] sources.france_travail - [France Travail] 9 offres pour 'Big Data' à '59'
2026-06-25 15:00:45,006 [INFO] sources.france_travail - [France Travail] 7 offres pour 'alternance data' à '59'
2026-06-25 15:00:45,284 [INFO] sources.france_travail - [France Travail] 31 offres pour 'data engineer' à '59'
2026-06-25 15:00:45,476 [WARNING] sources.france_travail - [France Travail] Réponse inattendue 204 pour 'remote' / '59' : 
2026-06-25 15:00:45,477 [INFO] sources.france_travail - [France Travail] 0 offres pour 'remote' à '59'
2026-06-25 15:00:46,115 [INFO] sources.france_travail - [France Travail] 150 offres pour 'télétravail' à '59'
2026-06-25 15:00:46,331 [WARNING] sources.france_travail - [France Travail] Réponse inattendue 204 pour 'Data Analyst' / '80' : 
2026-06-25 15:00:46,332 [INFO] sources.france_travail - [France Travail] 0 offres pour 'Data Analyst' à '80'
2026-06-25 15:00:46,517 [WARNING] sources.france_travail - [France Travail] Réponse inattendue 204 pour 'Big Data' / '80' : 
2026-06-25 15:00:46,518 [INFO] sources.france_travail - [France Travail] 0 offres pour 'Big Data' à '80'
2026-06-25 15:00:46,727 [WARNING] sources.france_travail - [France Travail] Réponse inattendue 204 pour 'alternance data' / '80' : 
2026-06-25 15:00:46,728 [INFO] sources.france_travail - [France Travail] 0 offres pour 'alternance data' à '80'
2026-06-25 15:00:46,932 [WARNING] sources.france_travail - [France Travail] Réponse inattendue 204 pour 'data engineer' / '80' : 
2026-06-25 15:00:46,933 [INFO] sources.france_travail - [France Travail] 0 offres pour 'data engineer' à '80'
2026-06-25 15:00:47,330 [WARNING] sources.france_travail - [France Travail] Réponse inattendue 204 pour 'remote' / '80' : 
2026-06-25 15:00:47,332 [INFO] sources.france_travail - [France Travail] 0 offres pour 'remote' à '80'
2026-06-25 15:00:47,957 [INFO] sources.france_travail - [France Travail] 114 offres pour 'télétravail' à '80'
2026-06-25 15:00:48,176 [INFO] sources.france_travail - [France Travail] 8 offres pour 'Data Analyst' à '69'
2026-06-25 15:00:48,405 [INFO] sources.france_travail - [France Travail] 9 offres pour 'Big Data' à '69'
2026-06-25 15:00:48,620 [INFO] sources.france_travail - [France Travail] 4 offres pour 'alternance data' à '69'
2026-06-25 15:00:48,909 [INFO] sources.france_travail - [France Travail] 34 offres pour 'data engineer' à '69'
2026-06-25 15:00:49,118 [INFO] sources.france_travail - [France Travail] 5 offres pour 'remote' à '69'
2026-06-25 15:00:50,172 [INFO] sources.france_travail - [France Travail] 150 offres pour 'télétravail' à '69'
2026-06-25 15:00:50,647 [INFO] sources.france_travail - [France Travail] 49 offres pour 'Data Analyst' à '75'
2026-06-25 15:00:50,909 [INFO] sources.france_travail - [France Travail] 18 offres pour 'Big Data' à '75'
2026-06-25 15:00:51,201 [INFO] sources.france_travail - [France Travail] 16 offres pour 'alternance data' à '75'
2026-06-25 15:00:51,619 [INFO] sources.france_travail - [France Travail] 70 offres pour 'data engineer' à '75'
2026-06-25 15:00:51,936 [INFO] sources.france_travail - [France Travail] 8 offres pour 'remote' à '75'
2026-06-25 15:00:52,640 [INFO] sources.france_travail - [France Travail] 150 offres pour 'télétravail' à '75'
2026-06-25 15:00:52,640 [INFO] sources.france_travail - [France Travail] 784 offres uniques récupérées.
2026-06-25 15:00:52,640 [INFO] run - France Travail : 784 offres
2026-06-25 15:00:52,640 [INFO] run - Total collecté : 784 offres
2026-06-25 15:00:52,640 [INFO] run - [2/5] Filtrage et scoring...
2026-06-25 15:00:52,640 [INFO] pipeline.filter - Scoring de 784 offres (seuil=20)...
2026-06-25 15:00:52,707 [INFO] pipeline.filter - Filtre alternance_only : 8 offres conservées.
2026-06-25 15:00:52,707 [INFO] pipeline.filter - 8 offres conservées sur 784 (seuil=20)
2026-06-25 15:00:52,707 [INFO] run - 8 offres après filtrage (seuil=20)
2026-06-25 15:00:52,707 [INFO] run - [3/5] Déduplication...
2026-06-25 15:00:52,709 [INFO] pipeline.dedup - Purge : 0 entrées supprimées (> 60 jours).
2026-06-25 15:00:52,709 [INFO] pipeline.dedup - Déduplication : 0 nouvelles offres sur 8 (8 déjà vues)
2026-06-25 15:00:52,709 [INFO] run - 0 nouvelles offres après déduplication
2026-06-25 15:00:52,709 [INFO] run - Toutes les offres ont déjà été envoyées. Fin du pipeline.
2026-06-28 11:35:50,512 [INFO] run - ============================================================
2026-06-28 11:35:50,512 [INFO] run - Démarrage du pipeline job_pipeline
2026-06-28 11:35:50,513 [INFO] run - ============================================================
2026-06-28 11:35:50,513 [INFO] run - [1/5] Collecte des offres...
2026-06-28 11:35:51,002 [INFO] sources.france_travail - [France Travail] 8 offres pour 'Data Analyst' à '59'
2026-06-28 11:35:51,241 [INFO] sources.france_travail - [France Travail] 8 offres pour 'Big Data' à '59'
2026-06-28 11:35:51,460 [INFO] sources.france_travail - [France Travail] 7 offres pour 'alternance data' à '59'
2026-06-28 11:35:51,867 [INFO] sources.france_travail - [France Travail] 27 offres pour 'data engineer' à '59'
2026-06-28 11:35:52,072 [WARNING] sources.france_travail - [France Travail] Réponse inattendue 204 pour 'remote' / '59' : 
2026-06-28 11:35:52,073 [INFO] sources.france_travail - [France Travail] 0 offres pour 'remote' à '59'
2026-06-28 11:35:52,683 [INFO] sources.france_travail - [France Travail] 150 offres pour 'télétravail' à '59'
2026-06-28 11:35:52,879 [WARNING] sources.france_travail - [France Travail] Réponse inattendue 204 pour 'Data Analyst' / '80' : 
2026-06-28 11:35:52,879 [INFO] sources.france_travail - [France Travail] 0 offres pour 'Data Analyst' à '80'
2026-06-28 11:35:53,068 [WARNING] sources.france_travail - [France Travail] Réponse inattendue 204 pour 'Big Data' / '80' : 
2026-06-28 11:35:53,069 [INFO] sources.france_travail - [France Travail] 0 offres pour 'Big Data' à '80'
2026-06-28 11:35:53,272 [WARNING] sources.france_travail - [France Travail] Réponse inattendue 204 pour 'alternance data' / '80' : 
2026-06-28 11:35:53,273 [INFO] sources.france_travail - [France Travail] 0 offres pour 'alternance data' à '80'
2026-06-28 11:35:53,489 [WARNING] sources.france_travail - [France Travail] Réponse inattendue 204 pour 'data engineer' / '80' : 
2026-06-28 11:35:53,490 [INFO] sources.france_travail - [France Travail] 0 offres pour 'data engineer' à '80'
2026-06-28 11:35:53,691 [WARNING] sources.france_travail - [France Travail] Réponse inattendue 204 pour 'remote' / '80' : 
2026-06-28 11:35:53,692 [INFO] sources.france_travail - [France Travail] 0 offres pour 'remote' à '80'
2026-06-28 11:35:54,124 [INFO] sources.france_travail - [France Travail] 108 offres pour 'télétravail' à '80'
2026-06-28 11:35:54,336 [INFO] sources.france_travail - [France Travail] 8 offres pour 'Data Analyst' à '69'
2026-06-28 11:35:54,550 [INFO] sources.france_travail - [France Travail] 9 offres pour 'Big Data' à '69'
2026-06-28 11:35:54,798 [INFO] sources.france_travail - [France Travail] 6 offres pour 'alternance data' à '69'
2026-06-28 11:35:55,119 [INFO] sources.france_travail - [France Travail] 38 offres pour 'data engineer' à '69'
2026-06-28 11:35:55,337 [INFO] sources.france_travail - [France Travail] 5 offres pour 'remote' à '69'
2026-06-28 11:35:55,949 [INFO] sources.france_travail - [France Travail] 150 offres pour 'télétravail' à '69'
2026-06-28 11:35:56,272 [INFO] sources.france_travail - [France Travail] 52 offres pour 'Data Analyst' à '75'
2026-06-28 11:35:56,526 [INFO] sources.france_travail - [France Travail] 20 offres pour 'Big Data' à '75'
2026-06-28 11:35:56,773 [INFO] sources.france_travail - [France Travail] 19 offres pour 'alternance data' à '75'
2026-06-28 11:35:57,147 [INFO] sources.france_travail - [France Travail] 72 offres pour 'data engineer' à '75'
2026-06-28 11:35:57,394 [INFO] sources.france_travail - [France Travail] 8 offres pour 'remote' à '75'
2026-06-28 11:35:58,044 [INFO] sources.france_travail - [France Travail] 150 offres pour 'télétravail' à '75'
2026-06-28 11:35:58,044 [INFO] sources.france_travail - [France Travail] 787 offres uniques récupérées.
2026-06-28 11:35:58,044 [INFO] run - France Travail : 787 offres
2026-06-28 11:35:58,044 [INFO] run - Total collecté : 787 offres
2026-06-28 11:35:58,044 [INFO] run - [2/5] Filtrage et scoring...
2026-06-28 11:35:58,044 [INFO] pipeline.filter - Scoring de 787 offres (seuil=20)...
2026-06-28 11:35:58,117 [INFO] pipeline.filter - Filtre alternance_only : 11 offres conservées.
2026-06-28 11:35:58,117 [INFO] pipeline.filter - 11 offres conservées sur 787 (seuil=20)
2026-06-28 11:35:58,117 [INFO] run - 11 offres après filtrage (seuil=20)
2026-06-28 11:35:58,117 [INFO] run - [3/5] Déduplication...
2026-06-28 11:35:58,125 [INFO] pipeline.dedup - Purge : 0 entrées supprimées (> 60 jours).
2026-06-28 11:35:58,126 [INFO] pipeline.dedup - Déduplication : 4 nouvelles offres sur 11 (7 déjà vues)
2026-06-28 11:35:58,126 [INFO] run - 4 nouvelles offres après déduplication
2026-06-28 11:35:58,126 [INFO] run - [4/5] Envoi de l'alerte email...
2026-06-28 11:36:00,527 [INFO] notifier.mailer - Email envoyé à alex_2c@hotmail.fr (sujet : [Job Pipeline] 4 offre(s) · 4 alternance(s) · 28/06/2026)
2026-06-28 11:36:00,528 [INFO] run - [5/5] Marquage des offres...
2026-06-28 11:36:00,535 [INFO] pipeline.dedup - 4 offres marquées comme vues.
2026-06-28 11:36:00,535 [INFO] run - ============================================================
2026-06-28 11:36:00,535 [INFO] run - Pipeline terminé. 4 offre(s) traitée(s).
2026-06-28 11:36:00,535 [INFO] run - ============================================================
2026-07-01 13:25:37,722 [INFO] run - ============================================================
2026-07-01 13:25:37,722 [INFO] run - Démarrage du pipeline job_pipeline
2026-07-01 13:25:37,722 [INFO] run - ============================================================
2026-07-01 13:25:37,723 [INFO] run - [1/5] Collecte des offres...
2026-07-01 13:25:38,227 [INFO] sources.france_travail - [France Travail] 8 offres pour 'Data Analyst' à '59'
2026-07-01 13:25:38,477 [INFO] sources.france_travail - [France Travail] 4 offres pour 'Big Data' à '59'
2026-07-01 13:25:38,729 [INFO] sources.france_travail - [France Travail] 7 offres pour 'alternance data' à '59'
2026-07-01 13:25:39,107 [INFO] sources.france_travail - [France Travail] 28 offres pour 'data engineer' à '59'
2026-07-01 13:25:39,341 [WARNING] sources.france_travail - [France Travail] Réponse inattendue 204 pour 'remote' / '59' : 
2026-07-01 13:25:39,342 [INFO] sources.france_travail - [France Travail] 0 offres pour 'remote' à '59'
2026-07-01 13:25:40,002 [INFO] sources.france_travail - [France Travail] 150 offres pour 'télétravail' à '59'
2026-07-01 13:25:40,175 [WARNING] sources.france_travail - [France Travail] Réponse inattendue 204 pour 'Data Analyst' / '80' : 
2026-07-01 13:25:40,176 [INFO] sources.france_travail - [France Travail] 0 offres pour 'Data Analyst' à '80'
2026-07-01 13:25:40,342 [WARNING] sources.france_travail - [France Travail] Réponse inattendue 204 pour 'Big Data' / '80' : 
2026-07-01 13:25:40,343 [INFO] sources.france_travail - [France Travail] 0 offres pour 'Big Data' à '80'
2026-07-01 13:25:40,522 [WARNING] sources.france_travail - [France Travail] Réponse inattendue 204 pour 'alternance data' / '80' : 
2026-07-01 13:25:40,522 [INFO] sources.france_travail - [France Travail] 0 offres pour 'alternance data' à '80'
2026-07-01 13:25:40,743 [WARNING] sources.france_travail - [France Travail] Réponse inattendue 204 pour 'data engineer' / '80' : 
2026-07-01 13:25:40,743 [INFO] sources.france_travail - [France Travail] 0 offres pour 'data engineer' à '80'
2026-07-01 13:25:40,923 [WARNING] sources.france_travail - [France Travail] Réponse inattendue 204 pour 'remote' / '80' : 
2026-07-01 13:25:40,924 [INFO] sources.france_travail - [France Travail] 0 offres pour 'remote' à '80'
2026-07-01 13:25:41,300 [INFO] sources.france_travail - [France Travail] 104 offres pour 'télétravail' à '80'
2026-07-01 13:25:41,563 [INFO] sources.france_travail - [France Travail] 7 offres pour 'Data Analyst' à '69'
2026-07-01 13:25:41,778 [INFO] sources.france_travail - [France Travail] 8 offres pour 'Big Data' à '69'
2026-07-01 13:25:42,020 [INFO] sources.france_travail - [France Travail] 6 offres pour 'alternance data' à '69'
2026-07-01 13:25:42,317 [INFO] sources.france_travail - [France Travail] 36 offres pour 'data engineer' à '69'
2026-07-01 13:25:42,521 [INFO] sources.france_travail - [France Travail] 5 offres pour 'remote' à '69'
2026-07-01 13:25:43,143 [INFO] sources.france_travail - [France Travail] 150 offres pour 'télétravail' à '69'
2026-07-01 13:25:43,547 [INFO] sources.france_travail - [France Travail] 54 offres pour 'Data Analyst' à '75'
2026-07-01 13:25:43,794 [INFO] sources.france_travail - [France Travail] 18 offres pour 'Big Data' à '75'
2026-07-01 13:25:44,017 [INFO] sources.france_travail - [France Travail] 18 offres pour 'alternance data' à '75'
2026-07-01 13:25:44,414 [INFO] sources.france_travail - [France Travail] 66 offres pour 'data engineer' à '75'
2026-07-01 13:25:44,628 [INFO] sources.france_travail - [France Travail] 8 offres pour 'remote' à '75'
2026-07-01 13:25:45,277 [INFO] sources.france_travail - [France Travail] 150 offres pour 'télétravail' à '75'
2026-07-01 13:25:45,278 [INFO] sources.france_travail - [France Travail] 770 offres uniques récupérées.
2026-07-01 13:25:45,278 [INFO] run - France Travail : 770 offres
2026-07-01 13:25:45,278 [INFO] run - Total collecté : 770 offres
2026-07-01 13:25:45,279 [INFO] run - [2/5] Filtrage et scoring...
2026-07-01 13:25:45,279 [INFO] pipeline.filter - Scoring de 770 offres (seuil=20)...
2026-07-01 13:25:45,387 [INFO] pipeline.filter - Filtre alternance_only : 14 offres conservées.
2026-07-01 13:25:45,387 [INFO] pipeline.filter - 14 offres conservées sur 770 (seuil=20)
2026-07-01 13:25:45,387 [INFO] run - 14 offres après filtrage (seuil=20)
2026-07-01 13:25:45,387 [INFO] run - [3/5] Déduplication...
2026-07-01 13:25:45,395 [INFO] pipeline.dedup - Purge : 0 entrées supprimées (> 60 jours).
2026-07-01 13:25:45,397 [INFO] pipeline.dedup - Déduplication : 5 nouvelles offres sur 14 (9 déjà vues)
2026-07-01 13:25:45,397 [INFO] run - 5 nouvelles offres après déduplication
2026-07-01 13:25:45,397 [INFO] run - [4/5] Envoi de l'alerte email...
2026-07-01 13:25:47,966 [INFO] notifier.mailer - Email envoyé à alex_2c@hotmail.fr (sujet : [Job Pipeline] 5 offre(s) · 5 alternance(s) · 01/07/2026)
2026-07-01 13:25:47,966 [INFO] run - [5/5] Marquage des offres...
2026-07-01 13:25:47,969 [INFO] pipeline.dedup - 5 offres marquées comme vues.
2026-07-01 13:25:47,969 [INFO] run - ============================================================
2026-07-01 13:25:47,969 [INFO] run - Pipeline terminé. 5 offre(s) traitée(s).
2026-07-01 13:25:47,969 [INFO] run - ============================================================
2026-07-02 12:28:47,791 [INFO] run - ============================================================
2026-07-02 12:28:47,792 [INFO] run - Démarrage du pipeline job_pipeline
2026-07-02 12:28:47,792 [INFO] run - ============================================================
2026-07-02 12:28:47,792 [INFO] run - [1/5] Collecte des offres...
2026-07-02 12:28:48,465 [INFO] sources.france_travail - [France Travail] 8 offres pour 'Data Analyst' à '59'
2026-07-02 12:28:48,815 [INFO] sources.france_travail - [France Travail] 4 offres pour 'Big Data' à '59'
2026-07-02 12:28:49,091 [INFO] sources.france_travail - [France Travail] 7 offres pour 'alternance data' à '59'
2026-07-02 12:28:49,381 [INFO] sources.france_travail - [France Travail] 28 offres pour 'data engineer' à '59'
2026-07-02 12:28:49,595 [WARNING] sources.france_travail - [France Travail] Réponse inattendue 204 pour 'remote' / '59' : 
2026-07-02 12:28:49,596 [INFO] sources.france_travail - [France Travail] 0 offres pour 'remote' à '59'
2026-07-02 12:28:50,359 [INFO] sources.france_travail - [France Travail] 150 offres pour 'télétravail' à '59'
2026-07-02 12:28:50,527 [WARNING] sources.france_travail - [France Travail] Réponse inattendue 204 pour 'Data Analyst' / '80' : 
2026-07-02 12:28:50,528 [INFO] sources.france_travail - [France Travail] 0 offres pour 'Data Analyst' à '80'
2026-07-02 12:28:50,723 [WARNING] sources.france_travail - [France Travail] Réponse inattendue 204 pour 'Big Data' / '80' : 
2026-07-02 12:28:50,724 [INFO] sources.france_travail - [France Travail] 0 offres pour 'Big Data' à '80'
2026-07-02 12:28:50,963 [WARNING] sources.france_travail - [France Travail] Réponse inattendue 204 pour 'alternance data' / '80' : 
2026-07-02 12:28:50,963 [INFO] sources.france_travail - [France Travail] 0 offres pour 'alternance data' à '80'
2026-07-02 12:28:51,474 [WARNING] sources.france_travail - [France Travail] Réponse inattendue 204 pour 'data engineer' / '80' : 
2026-07-02 12:28:51,476 [INFO] sources.france_travail - [France Travail] 0 offres pour 'data engineer' à '80'
2026-07-02 12:28:51,664 [WARNING] sources.france_travail - [France Travail] Réponse inattendue 204 pour 'remote' / '80' : 
2026-07-02 12:28:51,664 [INFO] sources.france_travail - [France Travail] 0 offres pour 'remote' à '80'
2026-07-02 12:28:52,090 [INFO] sources.france_travail - [France Travail] 111 offres pour 'télétravail' à '80'
2026-07-02 12:28:52,456 [INFO] sources.france_travail - [France Travail] 9 offres pour 'Data Analyst' à '69'
2026-07-02 12:28:52,953 [INFO] sources.france_travail - [France Travail] 8 offres pour 'Big Data' à '69'
2026-07-02 12:28:53,416 [INFO] sources.france_travail - [France Travail] 6 offres pour 'alternance data' à '69'
2026-07-02 12:28:54,541 [INFO] sources.france_travail - [France Travail] 37 offres pour 'data engineer' à '69'
2026-07-02 12:28:54,895 [INFO] sources.france_travail - [France Travail] 5 offres pour 'remote' à '69'
2026-07-02 12:28:55,679 [INFO] sources.france_travail - [France Travail] 150 offres pour 'télétravail' à '69'
2026-07-02 12:28:56,116 [INFO] sources.france_travail - [France Travail] 57 offres pour 'Data Analyst' à '75'
2026-07-02 12:28:56,388 [INFO] sources.france_travail - [France Travail] 18 offres pour 'Big Data' à '75'
2026-07-02 12:28:56,645 [INFO] sources.france_travail - [France Travail] 21 offres pour 'alternance data' à '75'
2026-07-02 12:28:57,088 [INFO] sources.france_travail - [France Travail] 67 offres pour 'data engineer' à '75'
2026-07-02 12:28:57,445 [INFO] sources.france_travail - [France Travail] 8 offres pour 'remote' à '75'
2026-07-02 12:28:58,096 [INFO] sources.france_travail - [France Travail] 150 offres pour 'télétravail' à '75'
2026-07-02 12:28:58,096 [INFO] sources.france_travail - [France Travail] 788 offres uniques récupérées.
2026-07-02 12:28:58,096 [INFO] run - France Travail : 788 offres
2026-07-02 12:28:58,096 [INFO] run - Total collecté : 788 offres
2026-07-02 12:28:58,096 [INFO] run - [2/5] Filtrage et scoring...
2026-07-02 12:28:58,096 [INFO] pipeline.filter - Scoring de 788 offres (seuil=20)...
2026-07-02 12:28:58,176 [INFO] pipeline.filter - Filtre alternance_only : 15 offres conservées.
2026-07-02 12:28:58,176 [INFO] pipeline.filter - 15 offres conservées sur 788 (seuil=20)
2026-07-02 12:28:58,176 [INFO] run - 15 offres après filtrage (seuil=20)
2026-07-02 12:28:58,176 [INFO] run - [3/5] Déduplication...
2026-07-02 12:28:58,184 [INFO] pipeline.dedup - Purge : 0 entrées supprimées (> 60 jours).
2026-07-02 12:28:58,184 [INFO] pipeline.dedup - Déduplication : 3 nouvelles offres sur 15 (12 déjà vues)
2026-07-02 12:28:58,184 [INFO] run - 3 nouvelles offres après déduplication
2026-07-02 12:28:58,184 [INFO] run - [4/5] Envoi de l'alerte email...
2026-07-02 12:29:00,688 [INFO] notifier.mailer - Email envoyé à alex_2c@hotmail.fr (sujet : [Job Pipeline] 3 offre(s) · 3 alternance(s) · 02/07/2026)
2026-07-02 12:29:00,688 [INFO] run - [5/5] Marquage des offres...
2026-07-02 12:29:00,691 [INFO] pipeline.dedup - 3 offres marquées comme vues.
2026-07-02 12:29:00,691 [INFO] run - ============================================================
2026-07-02 12:29:00,691 [INFO] run - Pipeline terminé. 3 offre(s) traitée(s).
2026-07-02 12:29:00,691 [INFO] run - ============================================================
2026-07-07 11:42:38,921 [INFO] run - ============================================================
2026-07-07 11:42:38,921 [INFO] run - Démarrage du pipeline job_pipeline
2026-07-07 11:42:38,922 [INFO] run - ============================================================
2026-07-07 11:42:38,922 [INFO] run - [1/5] Collecte des offres...
2026-07-07 11:42:39,452 [INFO] sources.france_travail - [France Travail] 10 offres pour 'Data Analyst' à '59'
2026-07-07 11:42:39,668 [INFO] sources.france_travail - [France Travail] 4 offres pour 'Big Data' à '59'
2026-07-07 11:42:39,946 [INFO] sources.france_travail - [France Travail] 11 offres pour 'alternance data' à '59'
2026-07-07 11:42:40,234 [INFO] sources.france_travail - [France Travail] 32 offres pour 'data engineer' à '59'
2026-07-07 11:42:40,416 [WARNING] sources.france_travail - [France Travail] Réponse inattendue 204 pour 'remote' / '59' : 
2026-07-07 11:42:40,418 [INFO] sources.france_travail - [France Travail] 0 offres pour 'remote' à '59'
2026-07-07 11:42:41,075 [INFO] sources.france_travail - [France Travail] 150 offres pour 'télétravail' à '59'
2026-07-07 11:42:41,252 [WARNING] sources.france_travail - [France Travail] Réponse inattendue 204 pour 'Data Analyst' / '80' : 
2026-07-07 11:42:41,253 [INFO] sources.france_travail - [France Travail] 0 offres pour 'Data Analyst' à '80'
2026-07-07 11:42:41,621 [WARNING] sources.france_travail - [France Travail] Réponse inattendue 204 pour 'Big Data' / '80' : 
2026-07-07 11:42:41,623 [INFO] sources.france_travail - [France Travail] 0 offres pour 'Big Data' à '80'
2026-07-07 11:42:41,828 [WARNING] sources.france_travail - [France Travail] Réponse inattendue 204 pour 'alternance data' / '80' : 
2026-07-07 11:42:41,828 [INFO] sources.france_travail - [France Travail] 0 offres pour 'alternance data' à '80'
2026-07-07 11:42:42,080 [WARNING] sources.france_travail - [France Travail] Réponse inattendue 204 pour 'data engineer' / '80' : 
2026-07-07 11:42:42,081 [INFO] sources.france_travail - [France Travail] 0 offres pour 'data engineer' à '80'
2026-07-07 11:42:42,285 [WARNING] sources.france_travail - [France Travail] Réponse inattendue 204 pour 'remote' / '80' : 
2026-07-07 11:42:42,286 [INFO] sources.france_travail - [France Travail] 0 offres pour 'remote' à '80'
2026-07-07 11:42:42,717 [INFO] sources.france_travail - [France Travail] 109 offres pour 'télétravail' à '80'
2026-07-07 11:42:42,953 [INFO] sources.france_travail - [France Travail] 10 offres pour 'Data Analyst' à '69'
2026-07-07 11:42:43,199 [INFO] sources.france_travail - [France Travail] 8 offres pour 'Big Data' à '69'
2026-07-07 11:42:43,461 [INFO] sources.france_travail - [France Travail] 6 offres pour 'alternance data' à '69'
2026-07-07 11:42:43,803 [INFO] sources.france_travail - [France Travail] 35 offres pour 'data engineer' à '69'
2026-07-07 11:42:44,073 [INFO] sources.france_travail - [France Travail] 5 offres pour 'remote' à '69'
2026-07-07 11:42:44,699 [INFO] sources.france_travail - [France Travail] 150 offres pour 'télétravail' à '69'
2026-07-07 11:42:45,144 [INFO] sources.france_travail - [France Travail] 51 offres pour 'Data Analyst' à '75'
2026-07-07 11:42:45,382 [INFO] sources.france_travail - [France Travail] 18 offres pour 'Big Data' à '75'
2026-07-07 11:42:45,625 [INFO] sources.france_travail - [France Travail] 19 offres pour 'alternance data' à '75'
2026-07-07 11:42:46,034 [INFO] sources.france_travail - [France Travail] 63 offres pour 'data engineer' à '75'
2026-07-07 11:42:46,293 [INFO] sources.france_travail - [France Travail] 10 offres pour 'remote' à '75'
2026-07-07 11:42:47,141 [INFO] sources.france_travail - [France Travail] 150 offres pour 'télétravail' à '75'
2026-07-07 11:42:47,141 [INFO] sources.france_travail - [France Travail] 785 offres uniques récupérées.
2026-07-07 11:42:47,141 [INFO] run - France Travail : 785 offres
2026-07-07 11:42:47,141 [INFO] run - Total collecté : 785 offres
2026-07-07 11:42:47,141 [INFO] run - [2/5] Filtrage et scoring...
2026-07-07 11:42:47,142 [INFO] pipeline.filter - Scoring de 785 offres (seuil=20)...
2026-07-07 11:42:47,215 [INFO] pipeline.filter - Filtre alternance_only : 17 offres conservées.
2026-07-07 11:42:47,215 [INFO] pipeline.filter - 17 offres conservées sur 785 (seuil=20)
2026-07-07 11:42:47,216 [INFO] run - 17 offres après filtrage (seuil=20)
2026-07-07 11:42:47,216 [INFO] run - [3/5] Déduplication...
2026-07-07 11:42:47,217 [INFO] pipeline.dedup - Purge : 0 entrées supprimées (> 60 jours).
2026-07-07 11:42:47,217 [INFO] pipeline.dedup - Déduplication : 8 nouvelles offres sur 17 (9 déjà vues)
2026-07-07 11:42:47,218 [INFO] run - 8 nouvelles offres après déduplication
2026-07-07 11:42:47,218 [INFO] run - [4/5] Envoi de l'alerte email...
2026-07-07 11:42:48,682 [INFO] notifier.mailer - Email envoyé à alex_2c@hotmail.fr (sujet : [Job Pipeline] 8 offre(s) · 8 alternance(s) · 07/07/2026)
2026-07-07 11:42:48,683 [INFO] run - [5/5] Marquage des offres...
2026-07-07 11:42:48,690 [INFO] pipeline.dedup - 8 offres marquées comme vues.
2026-07-07 11:42:48,690 [INFO] run - ============================================================
2026-07-07 11:42:48,690 [INFO] run - Pipeline terminé. 8 offre(s) traitée(s).
2026-07-07 11:42:48,690 [INFO] run - ============================================================
2026-07-08 14:43:02,323 [INFO] run - ============================================================
2026-07-08 14:43:02,323 [INFO] run - Démarrage du pipeline job_pipeline
2026-07-08 14:43:02,323 [INFO] run - ============================================================
2026-07-08 14:43:02,324 [INFO] run - [1/5] Collecte des offres...
2026-07-08 14:43:02,849 [INFO] sources.france_travail - [France Travail] 9 offres pour 'Data Analyst' à '59'
2026-07-08 14:43:03,138 [INFO] sources.france_travail - [France Travail] 5 offres pour 'Big Data' à '59'
2026-07-08 14:43:03,375 [INFO] sources.france_travail - [France Travail] 8 offres pour 'alternance data' à '59'
2026-07-08 14:43:03,674 [INFO] sources.france_travail - [France Travail] 33 offres pour 'data engineer' à '59'
2026-07-08 14:43:03,871 [WARNING] sources.france_travail - [France Travail] Réponse inattendue 204 pour 'remote' / '59' : 
2026-07-08 14:43:03,871 [INFO] sources.france_travail - [France Travail] 0 offres pour 'remote' à '59'
2026-07-08 14:43:04,730 [INFO] sources.france_travail - [France Travail] 150 offres pour 'télétravail' à '59'
2026-07-08 14:43:04,897 [WARNING] sources.france_travail - [France Travail] Réponse inattendue 204 pour 'Data Analyst' / '80' : 
2026-07-08 14:43:04,898 [INFO] sources.france_travail - [France Travail] 0 offres pour 'Data Analyst' à '80'
2026-07-08 14:43:05,059 [WARNING] sources.france_travail - [France Travail] Réponse inattendue 204 pour 'Big Data' / '80' : 
2026-07-08 14:43:05,059 [INFO] sources.france_travail - [France Travail] 0 offres pour 'Big Data' à '80'
2026-07-08 14:43:05,300 [WARNING] sources.france_travail - [France Travail] Réponse inattendue 204 pour 'alternance data' / '80' : 
2026-07-08 14:43:05,301 [INFO] sources.france_travail - [France Travail] 0 offres pour 'alternance data' à '80'
2026-07-08 14:43:05,497 [WARNING] sources.france_travail - [France Travail] Réponse inattendue 204 pour 'data engineer' / '80' : 
2026-07-08 14:43:05,498 [INFO] sources.france_travail - [France Travail] 0 offres pour 'data engineer' à '80'
2026-07-08 14:43:05,688 [WARNING] sources.france_travail - [France Travail] Réponse inattendue 204 pour 'remote' / '80' : 
2026-07-08 14:43:05,689 [INFO] sources.france_travail - [France Travail] 0 offres pour 'remote' à '80'
2026-07-08 14:43:06,064 [INFO] sources.france_travail - [France Travail] 98 offres pour 'télétravail' à '80'
2026-07-08 14:43:06,271 [INFO] sources.france_travail - [France Travail] 10 offres pour 'Data Analyst' à '69'
2026-07-08 14:43:06,481 [INFO] sources.france_travail - [France Travail] 8 offres pour 'Big Data' à '69'
2026-07-08 14:43:06,681 [INFO] sources.france_travail - [France Travail] 6 offres pour 'alternance data' à '69'
2026-07-08 14:43:07,007 [INFO] sources.france_travail - [France Travail] 35 offres pour 'data engineer' à '69'
2026-07-08 14:43:07,214 [INFO] sources.france_travail - [France Travail] 4 offres pour 'remote' à '69'
2026-07-08 14:43:07,847 [INFO] sources.france_travail - [France Travail] 150 offres pour 'télétravail' à '69'
2026-07-08 14:43:08,171 [INFO] sources.france_travail - [France Travail] 53 offres pour 'Data Analyst' à '75'
2026-07-08 14:43:08,451 [INFO] sources.france_travail - [France Travail] 18 offres pour 'Big Data' à '75'
2026-07-08 14:43:08,824 [INFO] sources.france_travail - [France Travail] 19 offres pour 'alternance data' à '75'
2026-07-08 14:43:09,209 [INFO] sources.france_travail - [France Travail] 67 offres pour 'data engineer' à '75'
2026-07-08 14:43:09,470 [INFO] sources.france_travail - [France Travail] 9 offres pour 'remote' à '75'
2026-07-08 14:43:10,255 [INFO] sources.france_travail - [France Travail] 150 offres pour 'télétravail' à '75'
2026-07-08 14:43:10,256 [INFO] sources.france_travail - [France Travail] 775 offres uniques récupérées.
2026-07-08 14:43:10,256 [INFO] run - France Travail : 775 offres
2026-07-08 14:43:10,256 [INFO] run - Total collecté : 775 offres
2026-07-08 14:43:10,256 [INFO] run - [2/5] Filtrage et scoring...
2026-07-08 14:43:10,256 [INFO] pipeline.filter - Scoring de 775 offres (seuil=20)...
2026-07-08 14:43:10,330 [INFO] pipeline.filter - Filtre alternance_only : 14 offres conservées.
2026-07-08 14:43:10,330 [INFO] pipeline.filter - 14 offres conservées sur 775 (seuil=20)
2026-07-08 14:43:10,330 [INFO] run - 14 offres après filtrage (seuil=20)
2026-07-08 14:43:10,331 [INFO] run - [3/5] Déduplication...
2026-07-08 14:43:10,339 [INFO] pipeline.dedup - Purge : 0 entrées supprimées (> 60 jours).
2026-07-08 14:43:10,339 [INFO] pipeline.dedup - Déduplication : 1 nouvelles offres sur 14 (13 déjà vues)
2026-07-08 14:43:10,339 [INFO] run - 1 nouvelles offres après déduplication
2026-07-08 14:43:10,340 [INFO] run - [4/5] Envoi de l'alerte email...
2026-07-08 14:43:12,919 [INFO] notifier.mailer - Email envoyé à alex_2c@hotmail.fr (sujet : [Job Pipeline] 1 offre(s) · 1 alternance(s) · 08/07/2026)
2026-07-08 14:43:12,919 [INFO] run - [5/5] Marquage des offres...
2026-07-08 14:43:12,922 [INFO] pipeline.dedup - 1 offres marquées comme vues.
2026-07-08 14:43:12,922 [INFO] run - ============================================================
2026-07-08 14:43:12,922 [INFO] run - Pipeline terminé. 1 offre(s) traitée(s).
2026-07-08 14:43:12,922 [INFO] run - ============================================================
2026-07-08 14:45:13,419 [INFO] run - ============================================================
2026-07-08 14:45:13,421 [INFO] run - Démarrage du pipeline job_pipeline
2026-07-08 14:45:13,421 [INFO] run - ============================================================
2026-07-08 14:45:13,421 [INFO] run - [1/5] Collecte des offres...
2026-07-08 14:45:13,909 [INFO] sources.france_travail - [France Travail] 9 offres pour 'Data Analyst' à '59'
2026-07-08 14:45:14,148 [INFO] sources.france_travail - [France Travail] 5 offres pour 'Big Data' à '59'
2026-07-08 14:45:14,392 [INFO] sources.france_travail - [France Travail] 8 offres pour 'alternance data' à '59'
2026-07-08 14:45:14,663 [INFO] sources.france_travail - [France Travail] 33 offres pour 'data engineer' à '59'
2026-07-08 14:45:14,839 [WARNING] sources.france_travail - [France Travail] Réponse inattendue 204 pour 'remote' / '59' : 
2026-07-08 14:45:14,839 [INFO] sources.france_travail - [France Travail] 0 offres pour 'remote' à '59'
2026-07-08 14:45:15,459 [INFO] sources.france_travail - [France Travail] 150 offres pour 'télétravail' à '59'
2026-07-08 14:45:15,634 [WARNING] sources.france_travail - [France Travail] Réponse inattendue 204 pour 'Data Analyst' / '80' : 
2026-07-08 14:45:15,635 [INFO] sources.france_travail - [France Travail] 0 offres pour 'Data Analyst' à '80'
2026-07-08 14:45:15,844 [WARNING] sources.france_travail - [France Travail] Réponse inattendue 204 pour 'Big Data' / '80' : 
2026-07-08 14:45:15,845 [INFO] sources.france_travail - [France Travail] 0 offres pour 'Big Data' à '80'
2026-07-08 14:45:16,097 [WARNING] sources.france_travail - [France Travail] Réponse inattendue 204 pour 'alternance data' / '80' : 
2026-07-08 14:45:16,098 [INFO] sources.france_travail - [France Travail] 0 offres pour 'alternance data' à '80'
2026-07-08 14:45:16,286 [WARNING] sources.france_travail - [France Travail] Réponse inattendue 204 pour 'data engineer' / '80' : 
2026-07-08 14:45:16,287 [INFO] sources.france_travail - [France Travail] 0 offres pour 'data engineer' à '80'
2026-07-08 14:45:16,459 [WARNING] sources.france_travail - [France Travail] Réponse inattendue 204 pour 'remote' / '80' : 
2026-07-08 14:45:16,460 [INFO] sources.france_travail - [France Travail] 0 offres pour 'remote' à '80'
2026-07-08 14:45:16,869 [INFO] sources.france_travail - [France Travail] 98 offres pour 'télétravail' à '80'
2026-07-08 14:45:17,106 [INFO] sources.france_travail - [France Travail] 10 offres pour 'Data Analyst' à '69'
2026-07-08 14:45:17,334 [INFO] sources.france_travail - [France Travail] 8 offres pour 'Big Data' à '69'
2026-07-08 14:45:17,539 [INFO] sources.france_travail - [France Travail] 6 offres pour 'alternance data' à '69'
2026-07-08 14:45:17,861 [INFO] sources.france_travail - [France Travail] 35 offres pour 'data engineer' à '69'
2026-07-08 14:45:18,108 [INFO] sources.france_travail - [France Travail] 4 offres pour 'remote' à '69'
2026-07-08 14:45:18,736 [INFO] sources.france_travail - [France Travail] 150 offres pour 'télétravail' à '69'
2026-07-08 14:45:19,069 [INFO] sources.france_travail - [France Travail] 53 offres pour 'Data Analyst' à '75'
2026-07-08 14:45:19,324 [INFO] sources.france_travail - [France Travail] 18 offres pour 'Big Data' à '75'
2026-07-08 14:45:19,684 [INFO] sources.france_travail - [France Travail] 19 offres pour 'alternance data' à '75'
2026-07-08 14:45:20,101 [INFO] sources.france_travail - [France Travail] 67 offres pour 'data engineer' à '75'
2026-07-08 14:45:20,332 [INFO] sources.france_travail - [France Travail] 9 offres pour 'remote' à '75'
2026-07-08 14:45:20,994 [INFO] sources.france_travail - [France Travail] 150 offres pour 'télétravail' à '75'
2026-07-08 14:45:20,994 [INFO] sources.france_travail - [France Travail] 775 offres uniques récupérées.
2026-07-08 14:45:20,994 [INFO] run - France Travail : 775 offres
2026-07-08 14:45:20,994 [INFO] run - Total collecté : 775 offres
2026-07-08 14:45:20,994 [INFO] run - [2/5] Filtrage et scoring...
2026-07-08 14:45:20,995 [INFO] pipeline.filter - Scoring de 775 offres (seuil=20)...
2026-07-08 14:45:21,065 [INFO] pipeline.filter - Filtre alternance_only : 14 offres conservées.
2026-07-08 14:45:21,066 [INFO] pipeline.filter - 14 offres conservées sur 775 (seuil=20)
2026-07-08 14:45:21,066 [INFO] run - 14 offres après filtrage (seuil=20)
2026-07-08 14:45:21,066 [INFO] run - [3/5] Déduplication...
2026-07-08 14:45:21,069 [WARNING] pipeline.dedup - DedupStore réinitialisé.
2026-07-08 14:45:21,069 [WARNING] run - Base dedup réinitialisée.
2026-07-08 14:45:21,070 [INFO] pipeline.dedup - Purge : 0 entrées supprimées (> 60 jours).
2026-07-08 14:45:21,070 [INFO] pipeline.dedup - Déduplication : 14 nouvelles offres sur 14 (0 déjà vues)
2026-07-08 14:45:21,070 [INFO] run - 14 nouvelles offres après déduplication
2026-07-08 14:45:21,070 [INFO] run - [4/5] Envoi de l'alerte email...
2026-07-08 14:45:23,483 [INFO] notifier.mailer - Email envoyé à alex_2c@hotmail.fr (sujet : [Job Pipeline] 14 offre(s) · 14 alternance(s) · 08/07/2026)
2026-07-08 14:45:23,483 [INFO] run - [5/5] Marquage des offres...
2026-07-08 14:45:23,491 [INFO] pipeline.dedup - 14 offres marquées comme vues.
2026-07-08 14:45:23,491 [INFO] run - ============================================================
2026-07-08 14:45:23,491 [INFO] run - Pipeline terminé. 14 offre(s) traitée(s).
2026-07-08 14:45:23,491 [INFO] run - ============================================================
